Component: Arm Compiler for Embedded 6.22 Tool: armlink [5ee90200]

==============================================================================

Section Cross References

    startup_stm32f103xb.o(RESET) refers to startup_stm32f103xb.o(STACK) for __initial_sp
    startup_stm32f103xb.o(RESET) refers to startup_stm32f103xb.o(.text) for Reset_Handler
    startup_stm32f103xb.o(RESET) refers to stm32f1xx_it.o(.text.NMI_Handler) for NMI_Handler
    startup_stm32f103xb.o(RESET) refers to stm32f1xx_it.o(.text.HardFault_Handler) for HardFault_Handler
    startup_stm32f103xb.o(RESET) refers to stm32f1xx_it.o(.text.MemManage_Handler) for MemManage_Handler
    startup_stm32f103xb.o(RESET) refers to stm32f1xx_it.o(.text.BusFault_Handler) for BusFault_Handler
    startup_stm32f103xb.o(RESET) refers to stm32f1xx_it.o(.text.UsageFault_Handler) for UsageFault_Handler
    startup_stm32f103xb.o(RESET) refers to stm32f1xx_it.o(.text.SVC_Handler) for SVC_Handler
    startup_stm32f103xb.o(RESET) refers to stm32f1xx_it.o(.text.DebugMon_Handler) for DebugMon_Handler
    startup_stm32f103xb.o(RESET) refers to stm32f1xx_it.o(.text.PendSV_Handler) for PendSV_Handler
    startup_stm32f103xb.o(RESET) refers to stm32f1xx_it.o(.text.SysTick_Handler) for SysTick_Handler
    startup_stm32f103xb.o(RESET) refers to stm32f1xx_it.o(.text.TIM2_IRQHandler) for TIM2_IRQHandler
    startup_stm32f103xb.o(RESET) refers to stm32f1xx_it.o(.text.USART1_IRQHandler) for USART1_IRQHandler
    startup_stm32f103xb.o(RESET) refers to stm32f1xx_it.o(.text.USART3_IRQHandler) for USART3_IRQHandler
    startup_stm32f103xb.o(.text) refers to system_stm32f1xx.o(.text.SystemInit) for SystemInit
    startup_stm32f103xb.o(.text) refers to entry.o(.ARM.Collect$$$$00000000) for __main
    main.o(.text.fputc) refers to usart.o(.bss.huart1) for huart1
    main.o(.text.fputc) refers to stm32f1xx_hal_uart.o(.text.HAL_UART_Transmit) for HAL_UART_Transmit
    main.o(.ARM.exidx.text.fputc) refers to main.o(.text.fputc) for [Anonymous Symbol]
    main.o(.text.main) refers to stm32f1xx_hal.o(.text.HAL_Init) for HAL_Init
    main.o(.text.main) refers to stm32f1xx_hal_rcc.o(.text.HAL_RCC_OscConfig) for HAL_RCC_OscConfig
    main.o(.text.main) refers to stm32f1xx_hal_rcc.o(.text.HAL_RCC_ClockConfig) for HAL_RCC_ClockConfig
    main.o(.text.main) refers to gpio.o(.text.MX_GPIO_Init) for MX_GPIO_Init
    main.o(.text.main) refers to tim.o(.text.MX_TIM2_Init) for MX_TIM2_Init
    main.o(.text.main) refers to usart.o(.text.MX_USART3_UART_Init) for MX_USART3_UART_Init
    main.o(.text.main) refers to usart.o(.text.MX_USART1_UART_Init) for MX_USART1_UART_Init
    main.o(.text.main) refers to tim.o(.bss.htim2) for htim2
    main.o(.text.main) refers to stm32f1xx_hal_tim.o(.text.HAL_TIM_Base_Start_IT) for HAL_TIM_Base_Start_IT
    main.o(.text.main) refers to main.o(.bss..L_MergedGlobals) for .L_MergedGlobals
    main.o(.text.main) refers to usart.o(.bss..L_MergedGlobals) for huart3
    main.o(.text.main) refers to stm32f1xx_hal_uart.o(.text.HAL_UART_Receive_IT) for HAL_UART_Receive_IT
    main.o(.text.main) refers to usart.o(.bss.huart1) for huart1
    main.o(.text.main) refers to tick.o(.text.Tick_DelayMs) for Tick_DelayMs
    main.o(.text.main) refers to oled.o(.text.OLED_Init) for OLED_Init
    main.o(.text.main) refers to work.o(.text.All_Work) for All_Work
    main.o(.ARM.exidx.text.main) refers to main.o(.text.main) for [Anonymous Symbol]
    main.o(.text.SystemClock_Config) refers to stm32f1xx_hal_rcc.o(.text.HAL_RCC_OscConfig) for HAL_RCC_OscConfig
    main.o(.text.SystemClock_Config) refers to stm32f1xx_hal_rcc.o(.text.HAL_RCC_ClockConfig) for HAL_RCC_ClockConfig
    main.o(.ARM.exidx.text.SystemClock_Config) refers to main.o(.text.SystemClock_Config) for [Anonymous Symbol]
    main.o(.ARM.exidx.text.Error_Handler) refers to main.o(.text.Error_Handler) for [Anonymous Symbol]
    main.o(.text.HAL_UART_RxCpltCallback) refers to main.o(.bss..L_MergedGlobals) for .L_MergedGlobals
    main.o(.text.HAL_UART_RxCpltCallback) refers to usart.o(.bss.huart1) for huart1
    main.o(.text.HAL_UART_RxCpltCallback) refers to stm32f1xx_hal_uart.o(.text.HAL_UART_Receive_IT) for HAL_UART_Receive_IT
    main.o(.text.HAL_UART_RxCpltCallback) refers to main.o(.data.Packet_type) for Packet_type
    main.o(.text.HAL_UART_RxCpltCallback) refers to work.o(.bss.Mode3_Save_Data_flag) for Mode3_Save_Data_flag
    main.o(.text.HAL_UART_RxCpltCallback) refers to usart.o(.bss..L_MergedGlobals) for huart3
    main.o(.text.HAL_UART_RxCpltCallback) refers to ring_buffer.o(.text.RingBuffer_Push) for RingBuffer_Push
    main.o(.ARM.exidx.text.HAL_UART_RxCpltCallback) refers to main.o(.text.HAL_UART_RxCpltCallback) for [Anonymous Symbol]
    main.o(.text.HAL_TIM_PeriodElapsedCallback) refers to tick.o(.bss.TickCnt) for TickCnt
    main.o(.ARM.exidx.text.HAL_TIM_PeriodElapsedCallback) refers to main.o(.text.HAL_TIM_PeriodElapsedCallback) for [Anonymous Symbol]
[...]
    Removing fashion_star_uart_servo.o(.text.FSUS_WheelMove), (160 bytes).
    Removing fashion_star_uart_servo.o(.ARM.exidx.text.FSUS_WheelMove), (8 bytes).
    Removing fashion_star_uart_servo.o(.text.FSUS_WheelStop), (26 bytes).
    Removing fashion_star_uart_servo.o(.ARM.exidx.text.FSUS_WheelStop), (8 bytes).
    Removing fashion_star_uart_servo.o(.text.FSUS_WheelKeepMove), (32 bytes).
    Removing fashion_star_uart_servo.o(.ARM.exidx.text.FSUS_WheelKeepMove), (8 bytes).
    Removing fashion_star_uart_servo.o(.text.FSUS_WheelMoveTime), (32 bytes).
    Removing fashion_star_uart_servo.o(.ARM.exidx.text.FSUS_WheelMoveTime), (8 bytes).
    Removing fashion_star_uart_servo.o(.text.FSUS_WheelMoveNCircle), (32 bytes).
    Removing fashion_star_uart_servo.o(.ARM.exidx.text.FSUS_WheelMoveNCircle), (8 bytes).
    Removing fashion_star_uart_servo.o(.ARM.exidx.text.FSUS_SetServoAngle), (8 bytes).
    Removing fashion_star_uart_servo.o(.text.FSUS_Wait), (224 bytes).
    Removing fashion_star_uart_servo.o(.ARM.exidx.text.FSUS_Wait), (8 bytes).
    Removing fashion_star_uart_servo.o(.text.FSUS_SetServoAngleByInterval), (360 bytes).
    Removing fashion_star_uart_servo.o(.ARM.exidx.text.FSUS_SetServoAngleByInterval), (8 bytes).
    Removing fashion_star_uart_servo.o(.text.FSUS_SetServoAngleByVelocity), (420 bytes).
    Removing fashion_star_uart_servo.o(.ARM.exidx.text.FSUS_SetServoAngleByVelocity), (8 bytes).
    Removing fashion_star_uart_servo.o(.ARM.exidx.text.FSUS_QueryServoAngle), (8 bytes).
    Removing fashion_star_uart_servo.o(.text.FSUS_SetServoAngleMTurn), (340 bytes).
    Removing fashion_star_uart_servo.o(.ARM.exidx.text.FSUS_SetServoAngleMTurn), (8 bytes).
    Removing fashion_star_uart_servo.o(.text.FSUS_SetServoAngleMTurnByInterval), (384 bytes).
    Removing fashion_star_uart_servo.o(.ARM.exidx.text.FSUS_SetServoAngleMTurnByInterval), (8 bytes).
    Removing fashion_star_uart_servo.o(.text.FSUS_SetServoAngleMTurnByVelocity), (432 bytes).
    Removing fashion_star_uart_servo.o(.ARM.exidx.text.FSUS_SetServoAngleMTurnByVelocity), (8 bytes).
    Removing fashion_star_uart_servo.o(.text.FSUS_QueryServoAngleMTurn), (160 bytes).
    Removing fashion_star_uart_servo.o(.ARM.exidx.text.FSUS_QueryServoAngleMTurn), (8 bytes).
    Removing fashion_star_uart_servo.o(.text.FSUS_DampingMode), (132 bytes).
    Removing fashion_star_uart_servo.o(.ARM.exidx.text.FSUS_DampingMode), (8 bytes).
    Removing fashion_star_uart_servo.o(.text.FSUS_ServoAngleReset), (88 bytes).
    Removing fashion_star_uart_servo.o(.ARM.exidx.text.FSUS_ServoAngleReset), (8 bytes).
    Removing fashion_star_uart_servo.o(.text.FSUS_SetOriginPoint), (88 bytes).
    Removing fashion_star_uart_servo.o(.ARM.exidx.text.FSUS_SetOriginPoint), (8 bytes).
    Removing ring_buffer.o(.text), (0 bytes).
    Removing ring_buffer.o(.text.RingBuffer_Reset), (6 bytes).
    Removing ring_buffer.o(.ARM.exidx.text.RingBuffer_Reset), (8 bytes).
    Removing ring_buffer.o(.ARM.exidx.text.RingBuffer_Init), (8 bytes).
    Removing ring_buffer.o(.text.RingBuffer_GetCapacity), (8 bytes).
    Removing ring_buffer.o(.ARM.exidx.text.RingBuffer_GetCapacity), (8 bytes).
    Removing ring_buffer.o(.ARM.exidx.text.RingBuffer_GetByteUsed), (8 bytes).
    Removing ring_buffer.o(.text.RingBuffer_GetByteFree), (26 bytes).
    Removing ring_buffer.o(.ARM.exidx.text.RingBuffer_GetByteFree), (8 bytes).
    Removing ring_buffer.o(.text.RingBuffer_IsEmpty), (24 bytes).
    Removing ring_buffer.o(.ARM.exidx.text.RingBuffer_IsEmpty), (8 bytes).
    Removing ring_buffer.o(.text.RingBuffer_IsFull), (26 bytes).
    Removing ring_buffer.o(.ARM.exidx.text.RingBuffer_IsFull), (8 bytes).
    Removing ring_buffer.o(.ARM.exidx.text.RingBuffer_GetValueByIndex), (8 bytes).
    Removing ring_buffer.o(.ARM.exidx.text.RingBuffer_Pop), (8 bytes).
    Removing ring_buffer.o(.ARM.exidx.text.RingBuffer_Push), (8 bytes).
    Removing ring_buffer.o(.ARM.exidx.text.RingBuffer_ReadByte), (8 bytes).
    Removing ring_buffer.o(.text.RingBuffer_ReadByteArray), (402 bytes).
    Removing ring_buffer.o(.ARM.exidx.text.RingBuffer_ReadByteArray), (8 bytes).
    Removing ring_buffer.o(.text.RingBuffer_ReadShort), (108 bytes).
    Removing ring_buffer.o(.ARM.exidx.text.RingBuffer_ReadShort), (8 bytes).
    Removing ring_buffer.o(.text.RingBuffer_ReadUShort), (106 bytes).
    Removing ring_buffer.o(.ARM.exidx.text.RingBuffer_ReadUShort), (8 bytes).
    Removing ring_buffer.o(.text.RingBuffer_ReadLong), (198 bytes).
    Removing ring_buffer.o(.ARM.exidx.text.RingBuffer_ReadLong), (8 bytes).
    Removing ring_buffer.o(.text.RingBuffer_ReadULong), (198 bytes).
    Removing ring_buffer.o(.ARM.exidx.text.RingBuffer_ReadULong), (8 bytes).
    Removing ring_buffer.o(.text.RingBuffer_ReadFloat), (194 bytes).
    Removing ring_buffer.o(.ARM.exidx.text.RingBuffer_ReadFloat), (8 bytes).
    Removing ring_buffer.o(.ARM.exidx.text.RingBuffer_WriteByte), (8 bytes).
    Removing ring_buffer.o(.ARM.exidx.text.RingBuffer_WriteByteArray), (8 bytes).
    Removing ring_buffer.o(.ARM.exidx.text.RingBuffer_WriteShort), (8 bytes).
    Removing ring_buffer.o(.ARM.exidx.text.RingBuffer_WriteUShort), (8 bytes).
    Removing ring_buffer.o(.text.RingBuffer_WriteLong), (322 bytes).
    Removing ring_buffer.o(.ARM.exidx.text.RingBuffer_WriteLong), (8 bytes).
    Removing ring_buffer.o(.text.RingBuffer_WriteULong), (322 bytes).
    Removing ring_buffer.o(.ARM.exidx.text.RingBuffer_WriteULong), (8 bytes).
    Removing ring_buffer.o(.text.RingBuffer_WriteFloat), (322 bytes).
    Removing ring_buffer.o(.ARM.exidx.text.RingBuffer_WriteFloat), (8 bytes).
    Removing ring_buffer.o(.ARM.exidx.text.RingBuffer_GetChecksum), (8 bytes).
    Removing tick.o(.text), (0 bytes).
    Removing tick.o(.text.Tick_Wait), (58 bytes).
    Removing tick.o(.ARM.exidx.text.Tick_Wait), (8 bytes).
    Removing tick.o(.text.Tick_DelayUs), (80 bytes).
    Removing tick.o(.ARM.exidx.text.Tick_DelayUs), (8 bytes).
    Removing tick.o(.ARM.exidx.text.Tick_DelayMs), (8 bytes).
    Removing tick.o(.ARM.exidx.text.Tick_CountdownBegin), (8 bytes).
    Removing tick.o(.ARM.exidx.text.Tick_CountdownCancel), (8 bytes).
    Removing tick.o(.ARM.exidx.text.Tick_CountdownIsTimeout), (8 bytes).
    Removing pid.o(.text), (0 bytes).
    Removing work.o(.text), (0 bytes).
    Removing work.o(.ARM.exidx.text.Get_KeyData), (8 bytes).
    Removing work.o(.ARM.exidx.text.OLED_Work), (8 bytes).
    Removing work.o(.ARM.exidx.text.Mode_Change_Work), (8 bytes).
    Removing work.o(.ARM.exidx.text.Mode_1_Work), (8 bytes).
    Removing work.o(.ARM.exidx.text.Arithmetic_Data), (8 bytes).
    Removing work.o(.text.Mode_2_Work), (90 bytes).
    Removing work.o(.ARM.exidx.text.Mode_2_Work), (8 bytes).
    Removing work.o(.ARM.exidx.text.Mode_3_Work), (8 bytes).
    Removing work.o(.ARM.exidx.text.All_Work), (8 bytes).
    Removing oled.o(.text), (0 bytes).
    Removing oled.o(.text.OLED_W_SCL), (22 bytes).
    Removing oled.o(.ARM.exidx.text.OLED_W_SCL), (8 bytes).
    Removing oled.o(.text.OLED_W_SDA), (22 bytes).
    Removing oled.o(.ARM.exidx.text.OLED_W_SDA), (8 bytes).
    Removing oled.o(.text.OLED_GPIO_Init), (34 bytes).
    Removing oled.o(.ARM.exidx.text.OLED_GPIO_Init), (8 bytes).
    Removing oled.o(.text.OLED_I2C_Start), (54 bytes).
    Removing oled.o(.ARM.exidx.text.OLED_I2C_Start), (8 bytes).
    Removing oled.o(.text.OLED_I2C_Stop), (44 bytes).
    Removing oled.o(.ARM.exidx.text.OLED_I2C_Stop), (8 bytes).
    Removing oled.o(.ARM.exidx.text.OLED_I2C_SendByte), (8 bytes).
    Removing oled.o(.ARM.exidx.text.OLED_WriteCommand), (8 bytes).
    Removing oled.o(.ARM.exidx.text.OLED_WriteData), (8 bytes).
    Removing oled.o(.ARM.exidx.text.OLED_Init), (8 bytes).
    Removing oled.o(.ARM.exidx.text.OLED_Clear), (8 bytes).
    Removing oled.o(.ARM.exidx.text.OLED_Update), (8 bytes).
    Removing oled.o(.text.OLED_SetCursor), (32 bytes).
    Removing oled.o(.ARM.exidx.text.OLED_SetCursor), (8 bytes).
    Removing oled.o(.text.OLED_Pow), (64 bytes).
    Removing oled.o(.ARM.exidx.text.OLED_Pow), (8 bytes).
    Removing oled.o(.text.OLED_pnpoly), (128 bytes).
    Removing oled.o(.ARM.exidx.text.OLED_pnpoly), (8 bytes).
    Removing oled.o(.text.OLED_IsInAngle), (126 bytes).
    Removing oled.o(.ARM.exidx.text.OLED_IsInAngle), (8 bytes).
    Removing oled.o(.text.OLED_UpdateArea), (174 bytes).
    Removing oled.o(.ARM.exidx.text.OLED_UpdateArea), (8 bytes).
    Removing oled.o(.text.OLED_ClearArea), (234 bytes).
    Removing oled.o(.ARM.exidx.text.OLED_ClearArea), (8 bytes).
    Removing oled.o(.text.OLED_Reverse), (1358 bytes).
    Removing oled.o(.ARM.exidx.text.OLED_Reverse), (8 bytes).
    Removing oled.o(.text.OLED_ReverseArea), (230 bytes).
    Removing oled.o(.ARM.exidx.text.OLED_ReverseArea), (8 bytes).
    Removing oled.o(.text.OLED_ShowChar), (80 bytes).
    Removing oled.o(.ARM.exidx.text.OLED_ShowChar), (8 bytes).
    Removing oled.o(.ARM.exidx.text.OLED_ShowImage), (8 bytes).
    Removing oled.o(.ARM.exidx.text.OLED_ShowString), (8 bytes).
    Removing oled.o(.text.OLED_ShowNum), (394 bytes).
    Removing oled.o(.ARM.exidx.text.OLED_ShowNum), (8 bytes).
    Removing oled.o(.text.OLED_ShowSignedNum), (526 bytes).
    Removing oled.o(.ARM.exidx.text.OLED_ShowSignedNum), (8 bytes).
    Removing oled.o(.text.OLED_ShowHexNum), (274 bytes).
    Removing oled.o(.ARM.exidx.text.OLED_ShowHexNum), (8 bytes).
    Removing oled.o(.text.OLED_ShowBinNum), (316 bytes).
    Removing oled.o(.ARM.exidx.text.OLED_ShowBinNum), (8 bytes).
    Removing oled.o(.text.OLED_ShowFloatNum), (446 bytes).
    Removing oled.o(.ARM.exidx.text.OLED_ShowFloatNum), (8 bytes).
    Removing oled.o(.ARM.exidx.text.OLED_Printf), (8 bytes).
    Removing oled.o(.text.OLED_DrawPoint), (52 bytes).
    Removing oled.o(.ARM.exidx.text.OLED_DrawPoint), (8 bytes).
    Removing oled.o(.text.OLED_GetPoint), (50 bytes).
    Removing oled.o(.ARM.exidx.text.OLED_GetPoint), (8 bytes).
    Removing oled.o(.text.OLED_DrawLine), (2844 bytes).
    Removing oled.o(.ARM.exidx.text.OLED_DrawLine), (8 bytes).
    Removing oled.o(.text.OLED_DrawRectangle), (528 bytes).
    Removing oled.o(.ARM.exidx.text.OLED_DrawRectangle), (8 bytes).
    Removing oled.o(.text.OLED_DrawTriangle), (516 bytes).
    Removing oled.o(.ARM.exidx.text.OLED_DrawTriangle), (8 bytes).
    Removing oled.o(.text.OLED_DrawCircle), (2318 bytes).
    Removing oled.o(.ARM.exidx.text.OLED_DrawCircle), (8 bytes).
    Removing oled.o(.text.OLED_DrawEllipse), (2462 bytes).
    Removing oled.o(.ARM.exidx.text.OLED_DrawEllipse), (8 bytes).
    Removing oled.o(.text.OLED_DrawArc), (2586 bytes).
    Removing oled.o(.ARM.exidx.text.OLED_DrawArc), (8 bytes).
    Removing oled_data.o(.text), (0 bytes).
    Removing oled_data.o(.rodata.Diode), (32 bytes).
    Removing fcmplt.o(.text), (28 bytes).
    Removing dcmple.o(.text), (54 bytes).
    Removing dcmplt.o(.text), (54 bytes).
    Removing dcmpgt.o(.text), (54 bytes).
    Removing fflti.o(.text), (18 bytes).
    Removing dfltui.o(.text), (26 bytes).
    Removing dfixi.o(.text), (62 bytes).
    Removing dfixui.o(.text), (50 bytes).
    Removing drnd.o(.text), (136 bytes).
    Removing cdcmple.o(.text), (48 bytes).
    Removing dscalb.o(.text), (46 bytes).

879 unused section(s) (total 63770 bytes) removed from the image.

==============================================================================

Image Symbol Table

    Local Symbols

    Symbol Name                              Value     Ov Type        Size  Object(Section)

    ../clib/division.s                       0x00000000   Number         0  aeabi_sdiv.o ABSOLUTE
    ../clib/microlib/division.c              0x00000000   Number         0  uidiv.o ABSOLUTE
    ../clib/microlib/division.c              0x00000000   Number         0  uldiv.o ABSOLUTE
    ../clib/microlib/errno.c                 0x00000000   Number         0  errno.o ABSOLUTE
    ../clib/microlib/init/entry.s            0x00000000   Number         0  entry.o ABSOLUTE
    ../clib/microlib/init/entry.s            0x00000000   Number         0  entry2.o ABSOLUTE
    ../clib/microlib/init/entry.s            0x00000000   Number         0  entry5.o ABSOLUTE
    ../clib/microlib/init/entry.s            0x00000000   Number         0  entry7a.o ABSOLUTE
    ../clib/microlib/init/entry.s            0x00000000   Number         0  entry7b.o ABSOLUTE
    ../clib/microlib/init/entry.s            0x00000000   Number         0  entry8a.o ABSOLUTE
    ../clib/microlib/init/entry.s            0x00000000   Number         0  entry8b.o ABSOLUTE
    ../clib/microlib/init/entry.s            0x00000000   Number         0  entry9a.o ABSOLUTE
    ../clib/microlib/init/entry.s            0x00000000   Number         0  entry9b.o ABSOLUTE
    ../clib/microlib/init/entry.s            0x00000000   Number         0  entry10a.o ABSOLUTE
    ../clib/microlib/init/entry.s            0x00000000   Number         0  entry10b.o ABSOLUTE
    ../clib/microlib/init/entry.s            0x00000000   Number         0  entry11a.o ABSOLUTE
    ../clib/microlib/init/entry.s            0x00000000   Number         0  entry11b.o ABSOLUTE
    ../clib/microlib/longlong.c              0x00000000   Number         0  llshl.o ABSOLUTE
    ../clib/microlib/longlong.c              0x00000000   Number         0  llushr.o ABSOLUTE
    ../clib/microlib/longlong.c              0x00000000   Number         0  llsshr.o ABSOLUTE
    ../clib/microlib/malloc/malloc.c         0x00000000   Number         0  malloc.o ABSOLUTE
    ../clib/microlib/malloc/malloc.c         0x00000000   Number         0  mallocr.o ABSOLUTE
    ../clib/microlib/malloc/malloc.c         0x00000000   Number         0  malloca.o ABSOLUTE
    ../clib/microlib/malloc/malloc.c         0x00000000   Number         0  mallocra.o ABSOLUTE
    ../clib/microlib/malloc/mvars.c          0x00000000   Number         0  mvars.o ABSOLUTE
    ../clib/microlib/printf/printf.c         0x00000000   Number         0  printfa.o ABSOLUTE
    ../clib/microlib/stdio/streams.c         0x00000000   Number         0  stdout.o ABSOLUTE
    ../clib/microlib/string/memcpy.c         0x00000000   Number         0  memcpya.o ABSOLUTE
    ../clib/microlib/string/memcpy.c         0x00000000   Number         0  memcpyb.o ABSOLUTE
    ../clib/microlib/string/memset.c         0x00000000   Number         0  memseta.o ABSOLUTE
    ../clib/microlib/string/strcmp.c         0x00000000   Number         0  strcmp.o ABSOLUTE
    ../clib/microlib/stubs.s                 0x00000000   Number         0  iusefp.o ABSOLUTE
    ../fplib/microlib/d2f.c                  0x00000000   Number         0  d2f.o ABSOLUTE
    ../fplib/microlib/f2d.c                  0x00000000   Number         0  f2d.o ABSOLUTE
    ../fplib/microlib/fpadd.c                0x00000000   Number         0  fadd.o ABSOLUTE
    ../fplib/microlib/fpadd.c                0x00000000   Number         0  dadd.o ABSOLUTE
    ../fplib/microlib/fpcmp.c                0x00000000   Number         0  fcmple.o ABSOLUTE
    ../fplib/microlib/fpcmp.c                0x00000000   Number         0  fcmplt.o ABSOLUTE
    ../fplib/microlib/fpcmp.c                0x00000000   Number         0  fcmpge.o ABSOLUTE
    ../fplib/microlib/fpcmp.c                0x00000000   Number         0  fcmpgt.o ABSOLUTE
    ../fplib/microlib/fpcmp.c                0x00000000   Number         0  dcmple.o ABSOLUTE
    ../fplib/microlib/fpcmp.c                0x00000000   Number         0  dcmplt.o ABSOLUTE
    ../fplib/microlib/fpcmp.c                0x00000000   Number         0  dcmpgt.o ABSOLUTE
    ../fplib/microlib/fpdiv.c                0x00000000   Number         0  ddiv.o ABSOLUTE
    ../fplib/microlib/fpepilogue.c           0x00000000   Number         0  fepilogue.o ABSOLUTE
    ../fplib/microlib/fpepilogue.c           0x00000000   Number         0  depilogue.o ABSOLUTE
    ../fplib/microlib/fpfix.c                0x00000000   Number         0  ffixi.o ABSOLUTE
    ../fplib/microlib/fpfix.c                0x00000000   Number         0  dfixi.o ABSOLUTE
    ../fplib/microlib/fpfix.c                0x00000000   Number         0  dfixui.o ABSOLUTE
    ../fplib/microlib/fpfix.c                0x00000000   Number         0  dfixul.o ABSOLUTE
    ../fplib/microlib/fpflt.c                0x00000000   Number         0  fflti.o ABSOLUTE
    ../fplib/microlib/fpflt.c                0x00000000   Number         0  dflti.o ABSOLUTE
    ../fplib/microlib/fpflt.c                0x00000000   Number         0  dfltui.o ABSOLUTE
    ../fplib/microlib/fpmul.c                0x00000000   Number         0  fmul.o ABSOLUTE
    ../fplib/microlib/fpmul.c                0x00000000   Number         0  dmul.o ABSOLUTE
    ../fplib/microlib/fprnd.c                0x00000000   Number         0  drnd.o ABSOLUTE
    ../fplib/microlib/fpscalb.c              0x00000000   Number         0  dscalb.o ABSOLUTE
    ../mathlib/atan.c                        0x00000000   Number         0  atan.o ABSOLUTE
    ../mathlib/atan2.c                       0x00000000   Number         0  atan2.o ABSOLUTE
    ../mathlib/dunder.c                      0x00000000   Number         0  dunder.o ABSOLUTE
    ../mathlib/fpclassify.c                  0x00000000   Number         0  fpclassify.o ABSOLUTE
    ../mathlib/poly.c                        0x00000000   Number         0  poly.o ABSOLUTE
    ../mathlib/qnan.c                        0x00000000   Number         0  qnan.o ABSOLUTE
    ../mathlib/round.c                       0x00000000   Number         0  round.o ABSOLUTE
    OLED.c                                   0x00000000   Number         0  oled.o ABSOLUTE
    OLED_Data.c                              0x00000000   Number         0  oled_data.o ABSOLUTE
    PID.c                                    0x00000000   Number         0  pid.o ABSOLUTE
    Tick.c                                   0x00000000   Number         0  tick.o ABSOLUTE
    Work.c                                   0x00000000   Number         0  work.o ABSOLUTE
    cdcmple.s                                0x00000000   Number         0  cdcmple.o ABSOLUTE
    cdrcmple.s                               0x00000000   Number         0  cdrcmple.o ABSOLUTE
    dc.s                                     0x00000000   Number         0  dc.o ABSOLUTE
    fashion_star_uart_servo.c                0x00000000   Number         0  fashion_star_uart_servo.o ABSOLUTE
    gpio.c                                   0x00000000   Number         0  gpio.o ABSOLUTE
    handlers.s                               0x00000000   Number         0  handlers.o ABSOLUTE
    init.s                                   0x00000000   Number         0  init.o ABSOLUTE
    main.c                                   0x00000000   Number         0  main.o ABSOLUTE
    ring_buffer.c                            0x00000000   Number         0  ring_buffer.o ABSOLUTE
    startup_stm32f103xb.s                    0x00000000   Number         0  startup_stm32f103xb.o ABSOLUTE
    stm32f1xx_hal.c                          0x00000000   Number         0  stm32f1xx_hal.o ABSOLUTE
    stm32f1xx_hal_cortex.c                   0x00000000   Number         0  stm32f1xx_hal_cortex.o ABSOLUTE
    stm32f1xx_hal_dma.c                      0x00000000   Number         0  stm32f1xx_hal_dma.o ABSOLUTE
    stm32f1xx_hal_exti.c                     0x00000000   Number         0  stm32f1xx_hal_exti.o ABSOLUTE
    stm32f1xx_hal_flash.c                    0x00000000   Number         0  stm32f1xx_hal_flash.o ABSOLUTE
    stm32f1xx_hal_flash_ex.c                 0x00000000   Number         0  stm32f1xx_hal_flash_ex.o ABSOLUTE
    stm32f1xx_hal_gpio.c                     0x00000000   Number         0  stm32f1xx_hal_gpio.o ABSOLUTE
    stm32f1xx_hal_gpio_ex.c                  0x00000000   Number         0  stm32f1xx_hal_gpio_ex.o ABSOLUTE
    stm32f1xx_hal_msp.c                      0x00000000   Number         0  stm32f1xx_hal_msp.o ABSOLUTE
    stm32f1xx_hal_pwr.c                      0x00000000   Number         0  stm32f1xx_hal_pwr.o ABSOLUTE
    stm32f1xx_hal_rcc.c                      0x00000000   Number         0  stm32f1xx_hal_rcc.o ABSOLUTE
    stm32f1xx_hal_rcc_ex.c                   0x00000000   Number         0  stm32f1xx_hal_rcc_ex.o ABSOLUTE
    stm32f1xx_hal_tim.c                      0x00000000   Number         0  stm32f1xx_hal_tim.o ABSOLUTE
    stm32f1xx_hal_tim_ex.c                   0x00000000   Number         0  stm32f1xx_hal_tim_ex.o ABSOLUTE
    stm32f1xx_hal_uart.c                     0x00000000   Number         0  stm32f1xx_hal_uart.o ABSOLUTE
    stm32f1xx_it.c                           0x00000000   Number         0  stm32f1xx_it.o ABSOLUTE
    system_stm32f1xx.c                       0x00000000   Number         0  system_stm32f1xx.o ABSOLUTE
    tim.c                                    0x00000000   Number         0  tim.o ABSOLUTE
    usart.c                                  0x00000000   Number         0  usart.o ABSOLUTE
    RESET                                    0x08000000   Section      236  startup_stm32f103xb.o(RESET)
    .ARM.Collect$$$$00000000                 0x080000ec   Section        0  entry.o(.ARM.Collect$$$$00000000)
    .ARM.Collect$$$$00000001                 0x080000ec   Section        4  entry2.o(.ARM.Collect$$$$00000001)
    .ARM.Collect$$$$00000004                 0x080000f0   Section        4  entry5.o(.ARM.Collect$$$$00000004)
    .ARM.Collect$$$$00000008                 0x080000f4   Section        0  entry7b.o(.ARM.Collect$$$$00000008)
    .ARM.Collect$$$$0000000A                 0x080000f4   Section        0  entry8b.o(.ARM.Collect$$$$0000000A)
    .ARM.Collect$$$$0000000B                 0x080000f4   Section        8  entry9a.o(.ARM.Collect$$$$0000000B)
    __lit__00000000                          0x080000fc   Data           4  entry2.o(.ARM.Collect$$$$00002712)
    .ARM.Collect$$$$0000000D                 0x080000fc   Section        0  entry10a.o(.ARM.Collect$$$$0000000D)
    .ARM.Collect$$$$0000000F                 0x080000fc   Section        0  entry11a.o(.ARM.Collect$$$$0000000F)
    .ARM.Collect$$$$00002712                 0x080000fc   Section        4  entry2.o(.ARM.Collect$$$$00002712)
    .text                                    0x08000100   Section       36  startup_stm32f103xb.o(.text)
    .text                                    0x08000124   Section        0  memseta.o(.text)
    .text                                    0x08000148   Section        0  strcmp.o(.text)
    .text                                    0x08000164   Section        0  fadd.o(.text)
    .text                                    0x08000214   Section        0  fmul.o(.text)
    .text                                    0x08000278   Section        0  dadd.o(.text)
    .text                                    0x080003c6   Section        0  dmul.o(.text)
    .text                                    0x080004aa   Section        0  ddiv.o(.text)
    .text                                    0x08000588   Section        0  fcmple.o(.text)
    .text                                    0x080005a4   Section        0  fcmpge.o(.text)
    .text                                    0x080005c0   Section        0  fcmpgt.o(.text)
    .text                                    0x080005dc   Section        0  dflti.o(.text)
    .text                                    0x080005fe   Section        0  ffixi.o(.text)
    .text                                    0x08000630   Section        0  f2d.o(.text)
    .text                                    0x08000656   Section        0  d2f.o(.text)
    .text                                    0x0800068e   Section        0  uidiv.o(.text)
    .text                                    0x080006ba   Section        0  uldiv.o(.text)
    .text                                    0x0800071c   Section        0  llshl.o(.text)
    .text                                    0x0800073a   Section        0  llushr.o(.text)
    .text                                    0x0800075a   Section        0  llsshr.o(.text)
    .text                                    0x0800077e   Section        0  iusefp.o(.text)
    .text                                    0x0800077e   Section        0  fepilogue.o(.text)
    .text                                    0x080007ec   Section        0  depilogue.o(.text)
    .text                                    0x080008a6   Section        0  dfixul.o(.text)
    .text                                    0x080008d8   Section       48  cdrcmple.o(.text)
    .text                                    0x08000908   Section       48  init.o(.text)
    [Anonymous Symbol]                       0x08000938   Section        0  work.o(.text.All_Work)
    [Anonymous Symbol]                       0x0800099c   Section        0  work.o(.text.Arithmetic_Data)
    [Anonymous Symbol]                       0x08000b9c   Section        0  stm32f1xx_it.o(.text.BusFault_Handler)
    [Anonymous Symbol]                       0x08000ba0   Section        0  stm32f1xx_it.o(.text.DebugMon_Handler)
    [Anonymous Symbol]                       0x08000ba4   Section        0  main.o(.text.Error_Handler)
    [Anonymous Symbol]                       0x08000bb0   Section        0  fashion_star_uart_servo.o(.text.FSUS_QueryServoAngle)
    [Anonymous Symbol]                       0x08000c50   Section        0  fashion_star_uart_servo.o(.text.FSUS_RecvPackage)
    [Anonymous Symbol]                       0x08000dd8   Section        0  fashion_star_uart_servo.o(.text.FSUS_SetServoAngle)
    [Anonymous Symbol]                       0x08000f18   Section        0  work.o(.text.Get_KeyData)
    [Anonymous Symbol]                       0x08001014   Section        0  stm32f1xx_hal_dma.o(.text.HAL_DMA_Abort)
    [Anonymous Symbol]                       0x0800105c   Section        0  stm32f1xx_hal_dma.o(.text.HAL_DMA_Abort_IT)
    [Anonymous Symbol]                       0x08001114   Section        0  stm32f1xx_hal.o(.text.HAL_Delay)
    [Anonymous Symbol]                       0x0800113c   Section        0  stm32f1xx_hal_gpio.o(.text.HAL_GPIO_Init)
    [Anonymous Symbol]                       0x0800134c   Section        0  stm32f1xx_hal_gpio.o(.text.HAL_GPIO_ReadPin)
    [Anonymous Symbol]                       0x08001358   Section        0  stm32f1xx_hal_gpio.o(.text.HAL_GPIO_WritePin)
    [Anonymous Symbol]                       0x08001364   Section        0  stm32f1xx_hal.o(.text.HAL_GetTick)
    [Anonymous Symbol]                       0x08001370   Section        0  stm32f1xx_hal.o(.text.HAL_IncTick)
    [Anonymous Symbol]                       0x0800138c   Section        0  stm32f1xx_hal.o(.text.HAL_Init)
    [Anonymous Symbol]                       0x080013b4   Section        0  stm32f1xx_hal.o(.text.HAL_InitTick)
    [Anonymous Symbol]                       0x080013fc   Section        0  stm32f1xx_hal_msp.o(.text.HAL_MspInit)
    [Anonymous Symbol]                       0x08001440   Section        0  stm32f1xx_hal_cortex.o(.text.HAL_NVIC_EnableIRQ)
    [Anonymous Symbol]                       0x08001464   Section        0  stm32f1xx_hal_cortex.o(.text.HAL_NVIC_SetPriority)
    [Anonymous Symbol]                       0x080014bc   Section        0  stm32f1xx_hal_cortex.o(.text.HAL_NVIC_SetPriorityGrouping)
    [Anonymous Symbol]                       0x080014dc   Section        0  stm32f1xx_hal_rcc.o(.text.HAL_RCC_ClockConfig)
    [Anonymous Symbol]                       0x08001698   Section        0  stm32f1xx_hal_rcc.o(.text.HAL_RCC_GetPCLK1Freq)
    [Anonymous Symbol]                       0x080016c0   Section        0  stm32f1xx_hal_rcc.o(.text.HAL_RCC_GetPCLK2Freq)
    [Anonymous Symbol]                       0x080016e8   Section        0  stm32f1xx_hal_rcc.o(.text.HAL_RCC_OscConfig)
    [Anonymous Symbol]                       0x08001ae8   Section        0  stm32f1xx_hal_cortex.o(.text.HAL_SYSTICK_Config)
    [Anonymous Symbol]                       0x08001b14   Section        0  stm32f1xx_hal_tim_ex.o(.text.HAL_TIMEx_BreakCallback)
    [Anonymous Symbol]                       0x08001b18   Section        0  stm32f1xx_hal_tim_ex.o(.text.HAL_TIMEx_CommutCallback)
    [Anonymous Symbol]                       0x08001b1c   Section        0  stm32f1xx_hal_tim_ex.o(.text.HAL_TIMEx_MasterConfigSynchronization)
    [Anonymous Symbol]                       0x08001b9c   Section        0  stm32f1xx_hal_tim.o(.text.HAL_TIM_Base_Init)
    [Anonymous Symbol]                       0x08001c98   Section        0  tim.o(.text.HAL_TIM_Base_MspInit)
    [Anonymous Symbol]                       0x08001cd8   Section        0  stm32f1xx_hal_tim.o(.text.HAL_TIM_Base_Start_IT)
    [Anonymous Symbol]                       0x08001d48   Section        0  stm32f1xx_hal_tim.o(.text.HAL_TIM_Base_Stop_IT)
    [Anonymous Symbol]                       0x08001d84   Section        0  stm32f1xx_hal_tim.o(.text.HAL_TIM_ConfigClockSource)
    [Anonymous Symbol]                       0x08001f24   Section        0  stm32f1xx_hal_tim.o(.text.HAL_TIM_IC_CaptureCallback)
    [Anonymous Symbol]                       0x08001f28   Section        0  stm32f1xx_hal_tim.o(.text.HAL_TIM_IRQHandler)
    [Anonymous Symbol]                       0x08002078   Section        0  stm32f1xx_hal_tim.o(.text.HAL_TIM_OC_DelayElapsedCallback)
    [Anonymous Symbol]                       0x0800207c   Section        0  stm32f1xx_hal_tim.o(.text.HAL_TIM_PWM_PulseFinishedCallback)
    [Anonymous Symbol]                       0x08002080   Section        0  main.o(.text.HAL_TIM_PeriodElapsedCallback)
    [Anonymous Symbol]                       0x080020a4   Section        0  stm32f1xx_hal_tim.o(.text.HAL_TIM_TriggerCallback)
    [Anonymous Symbol]                       0x080020a8   Section        0  stm32f1xx_hal_uart.o(.text.HAL_UARTEx_RxEventCallback)
    [Anonymous Symbol]                       0x080020ac   Section        0  stm32f1xx_hal_uart.o(.text.HAL_UART_ErrorCallback)
    [Anonymous Symbol]                       0x080020b0   Section        0  stm32f1xx_hal_uart.o(.text.HAL_UART_IRQHandler)
    [Anonymous Symbol]                       0x08002620   Section        0  stm32f1xx_hal_uart.o(.text.HAL_UART_Init)
    [Anonymous Symbol]                       0x08002704   Section        0  usart.o(.text.HAL_UART_MspInit)
    [Anonymous Symbol]                       0x08002858   Section        0  stm32f1xx_hal_uart.o(.text.HAL_UART_Receive_IT)
    [Anonymous Symbol]                       0x080028ac   Section        0  main.o(.text.HAL_UART_RxCpltCallback)
    [Anonymous Symbol]                       0x08002990   Section        0  stm32f1xx_hal_uart.o(.text.HAL_UART_Transmit)
    [Anonymous Symbol]                       0x08002b24   Section        0  stm32f1xx_hal_uart.o(.text.HAL_UART_TxCpltCallback)
    [Anonymous Symbol]                       0x08002b28   Section        0  stm32f1xx_it.o(.text.HardFault_Handler)
    [Anonymous Symbol]                       0x08002b2c   Section        0  gpio.o(.text.MX_GPIO_Init)
    [Anonymous Symbol]                       0x08002bd0   Section        0  tim.o(.text.MX_TIM2_Init)
    [Anonymous Symbol]                       0x08002c40   Section        0  usart.o(.text.MX_USART1_UART_Init)
    [Anonymous Symbol]                       0x08002c7c   Section        0  usart.o(.text.MX_USART3_UART_Init)
    [Anonymous Symbol]                       0x08002cbc   Section        0  stm32f1xx_it.o(.text.MemManage_Handler)
    [Anonymous Symbol]                       0x08002cc0   Section        0  work.o(.text.Mode_1_Work)
    [Anonymous Symbol]                       0x08002ea0   Section        0  work.o(.text.Mode_3_Work)
    [Anonymous Symbol]                       0x08002f68   Section        0  work.o(.text.Mode_Change_Work)
    [Anonymous Symbol]                       0x08002fe0   Section        0  stm32f1xx_it.o(.text.NMI_Handler)
    [Anonymous Symbol]                       0x08002fe4   Section        0  oled.o(.text.OLED_Clear)
    [Anonymous Symbol]                       0x08002ff8   Section        0  oled.o(.text.OLED_I2C_SendByte)
    [Anonymous Symbol]                       0x0800311c   Section        0  oled.o(.text.OLED_Init)
    [Anonymous Symbol]                       0x080031dc   Section        0  oled.o(.text.OLED_Printf)
    [Anonymous Symbol]                       0x08003204   Section        0  oled.o(.text.OLED_ShowImage)
    [Anonymous Symbol]                       0x080037e8   Section        0  oled.o(.text.OLED_ShowString)
    [Anonymous Symbol]                       0x080039c8   Section        0  oled.o(.text.OLED_Update)
    [Anonymous Symbol]                       0x08003ab4   Section        0  work.o(.text.OLED_Work)
    [Anonymous Symbol]                       0x08003d78   Section        0  oled.o(.text.OLED_WriteCommand)
    [Anonymous Symbol]                       0x08003de0   Section        0  oled.o(.text.OLED_WriteData)
    [Anonymous Symbol]                       0x08003e58   Section        0  stm32f1xx_it.o(.text.PendSV_Handler)
    [Anonymous Symbol]                       0x08003e5c   Section        0  ring_buffer.o(.text.RingBuffer_GetByteUsed)
    [Anonymous Symbol]                       0x08003e70   Section        0  ring_buffer.o(.text.RingBuffer_GetChecksum)
    [Anonymous Symbol]                       0x08004124   Section        0  ring_buffer.o(.text.RingBuffer_GetValueByIndex)
    [Anonymous Symbol]                       0x08004158   Section        0  ring_buffer.o(.text.RingBuffer_Init)
    [Anonymous Symbol]                       0x080041b4   Section        0  ring_buffer.o(.text.RingBuffer_Pop)
    [Anonymous Symbol]                       0x080041e8   Section        0  ring_buffer.o(.text.RingBuffer_Push)
    [Anonymous Symbol]                       0x08004244   Section        0  ring_buffer.o(.text.RingBuffer_ReadByte)
    [Anonymous Symbol]                       0x08004278   Section        0  ring_buffer.o(.text.RingBuffer_WriteByte)
    [Anonymous Symbol]                       0x080042d4   Section        0  ring_buffer.o(.text.RingBuffer_WriteByteArray)
    [Anonymous Symbol]                       0x0800453c   Section        0  ring_buffer.o(.text.RingBuffer_WriteShort)
    [Anonymous Symbol]                       0x080045e8   Section        0  ring_buffer.o(.text.RingBuffer_WriteUShort)
    [Anonymous Symbol]                       0x08004694   Section        0  stm32f1xx_it.o(.text.SVC_Handler)
    [Anonymous Symbol]                       0x08004698   Section        0  stm32f1xx_it.o(.text.SysTick_Handler)
    [Anonymous Symbol]                       0x0800469c   Section        0  system_stm32f1xx.o(.text.SystemInit)
    [Anonymous Symbol]                       0x080046a0   Section        0  stm32f1xx_it.o(.text.TIM2_IRQHandler)
    [Anonymous Symbol]                       0x080046ac   Section        0  tick.o(.text.Tick_CountdownBegin)
    [Anonymous Symbol]                       0x080046cc   Section        0  tick.o(.text.Tick_CountdownCancel)
    [Anonymous Symbol]                       0x080046e4   Section        0  tick.o(.text.Tick_CountdownIsTimeout)
    [Anonymous Symbol]                       0x080046f8   Section        0  tick.o(.text.Tick_DelayMs)
    UART_DMAAbortOnError                     0x0800473d   Thumb Code    12  stm32f1xx_hal_uart.o(.text.UART_DMAAbortOnError)
    [Anonymous Symbol]                       0x0800473c   Section        0  stm32f1xx_hal_uart.o(.text.UART_DMAAbortOnError)
    UART_Receive_IT                          0x08004749   Thumb Code   254  stm32f1xx_hal_uart.o(.text.UART_Receive_IT)
    [Anonymous Symbol]                       0x08004748   Section        0  stm32f1xx_hal_uart.o(.text.UART_Receive_IT)
    [Anonymous Symbol]                       0x08004848   Section        0  stm32f1xx_it.o(.text.USART1_IRQHandler)
    [Anonymous Symbol]                       0x08004854   Section        0  stm32f1xx_it.o(.text.USART3_IRQHandler)
    [Anonymous Symbol]                       0x08004860   Section        0  stm32f1xx_it.o(.text.UsageFault_Handler)
    [Anonymous Symbol]                       0x08004864   Section        0  usart.o(.text.Usart_SendAll)
    [Anonymous Symbol]                       0x080048a0   Section        0  main.o(.text.main)
    i.__0vsprintf                            0x08004958   Section        0  printfa.o(i.__0vsprintf)
    i.__scatterload_copy                     0x0800497c   Section       14  handlers.o(i.__scatterload_copy)
    i.__scatterload_null                     0x0800498a   Section        2  handlers.o(i.__scatterload_null)
    i.__scatterload_zeroinit                 0x0800498c   Section       14  handlers.o(i.__scatterload_zeroinit)
    _fp_digits                               0x0800499d   Thumb Code   366  printfa.o(i._fp_digits)
    i._fp_digits                             0x0800499c   Section        0  printfa.o(i._fp_digits)
    _printf_core                             0x08004b21   Thumb Code  1744  printfa.o(i._printf_core)
    i._printf_core                           0x08004b20   Section        0  printfa.o(i._printf_core)
    _printf_post_padding                     0x080051fd   Thumb Code    36  printfa.o(i._printf_post_padding)
    i._printf_post_padding                   0x080051fc   Section        0  printfa.o(i._printf_post_padding)
    _printf_pre_padding                      0x08005221   Thumb Code    46  printfa.o(i._printf_pre_padding)
    i._printf_pre_padding                    0x08005220   Section        0  printfa.o(i._printf_pre_padding)
    _sputc                                   0x0800524f   Thumb Code    10  printfa.o(i._sputc)
    i._sputc                                 0x0800524e   Section        0  printfa.o(i._sputc)
    HAL_RCC_GetSysClockFreq.aPredivFactorTable 0x08005270   Data           2  stm32f1xx_hal_rcc.o(.rodata.HAL_RCC_GetSysClockFreq.aPredivFactorTable)
    [Anonymous Symbol]                       0x08005270   Section        0  stm32f1xx_hal_rcc.o(.rodata.HAL_RCC_GetSysClockFreq.aPredivFactorTable)
    HAL_RCC_GetSysClockFreq.aPLLMULFactorTable 0x08005b9f   Data          16  stm32f1xx_hal_rcc.o(.rodata.cst16)
    [Anonymous Symbol]                       0x08005b9f   Section        0  stm32f1xx_hal_rcc.o(.rodata.cst16)
    .L.str.3                                 0x08005baf   Data           2  work.o(.rodata.str1.1)
    [Anonymous Symbol]                       0x08005baf   Section        0  work.o(.rodata.str1.1)
    .L.str.1                                 0x08005bb1   Data           3  work.o(.rodata.str1.1)
    .L.str                                   0x08005bb4   Data           6  work.o(.rodata.str1.1)
    .L_MergedGlobals                         0x20000000   Data           8  stm32f1xx_hal.o(.data..L_MergedGlobals)
    [Anonymous Symbol]                       0x20000000   Section        0  stm32f1xx_hal.o(.data..L_MergedGlobals)
    .L_MergedGlobals                         0x20000018   Data          21  main.o(.bss..L_MergedGlobals)
    [Anonymous Symbol]                       0x20000018   Section        0  main.o(.bss..L_MergedGlobals)
    .L_MergedGlobals                         0x20000030   Data         108  usart.o(.bss..L_MergedGlobals)
    [Anonymous Symbol]                       0x20000030   Section        0  usart.o(.bss..L_MergedGlobals)
    .L_MergedGlobals                         0x2000009c   Data          60  work.o(.bss..L_MergedGlobals)
    [Anonymous Symbol]                       0x2000009c   Section        0  work.o(.bss..L_MergedGlobals)
    STACK                                    0x20000960   Section     1024  startup_stm32f103xb.o(STACK)

    Global Symbols

    Symbol Name                              Value     Ov Type        Size  Object(Section)

    BuildAttributes$$THM_ISAv4$P$D$K$B$S$PE$A:L22UL41UL21$X:L11$S22US41US21$IEEE1$IW$~IW$USESV6$~STKCKD$USESV7$~SHL$OTIME$ROPI$IEEEX$EBA8$MICROLIB$REQ8$PRES8$EABIv2 0x00000000   Number         0  anon$$obj.o ABSOLUTE
    __cpp_initialize__aeabi_                  - Undefined Weak Reference
    __cxa_finalize                            - Undefined Weak Reference
    __decompress                              - Undefined Weak Reference
    _clock_init                               - Undefined Weak Reference
    _microlib_exit                            - Undefined Weak Reference
    __Vectors_Size                           0x000000ec   Number         0  startup_stm32f103xb.o ABSOLUTE
    __Vectors                                0x08000000   Data           4  startup_stm32f103xb.o(RESET)
    __Vectors_End                            0x080000ec   Data           0  startup_stm32f103xb.o(RESET)
    __main                                   0x080000ed   Thumb Code     0  entry.o(.ARM.Collect$$$$00000000)
    _main_stk                                0x080000ed   Thumb Code     0  entry2.o(.ARM.Collect$$$$00000001)
    _main_scatterload                        0x080000f1   Thumb Code     0  entry5.o(.ARM.Collect$$$$00000004)
    __main_after_scatterload                 0x080000f5   Thumb Code     0  entry5.o(.ARM.Collect$$$$00000004)
    _main_clock                              0x080000f5   Thumb Code     0  entry7b.o(.ARM.Collect$$$$00000008)
    _main_cpp_init                           0x080000f5   Thumb Code     0  entry8b.o(.ARM.Collect$$$$0000000A)
    _main_init                               0x080000f5   Thumb Code     0  entry9a.o(.ARM.Collect$$$$0000000B)
    __rt_final_cpp                           0x080000fd   Thumb Code     0  entry10a.o(.ARM.Collect$$$$0000000D)
    __rt_final_exit                          0x080000fd   Thumb Code     0  entry11a.o(.ARM.Collect$$$$0000000F)
    Reset_Handler                            0x08000101   Thumb Code     8  startup_stm32f103xb.o(.text)
    ADC1_2_IRQHandler                        0x0800011b   Thumb Code     0  startup_stm32f103xb.o(.text)
    CAN1_RX1_IRQHandler                      0x0800011b   Thumb Code     0  startup_stm32f103xb.o(.text)
    CAN1_SCE_IRQHandler                      0x0800011b   Thumb Code     0  startup_stm32f103xb.o(.text)
    DMA1_Channel1_IRQHandler                 0x0800011b   Thumb Code     0  startup_stm32f103xb.o(.text)
    DMA1_Channel2_IRQHandler                 0x0800011b   Thumb Code     0  startup_stm32f103xb.o(.text)
    DMA1_Channel3_IRQHandler                 0x0800011b   Thumb Code     0  startup_stm32f103xb.o(.text)
    DMA1_Channel4_IRQHandler                 0x0800011b   Thumb Code     0  startup_stm32f103xb.o(.text)
    DMA1_Channel5_IRQHandler                 0x0800011b   Thumb Code     0  startup_stm32f103xb.o(.text)
    DMA1_Channel6_IRQHandler                 0x0800011b   Thumb Code     0  startup_stm32f103xb.o(.text)
    DMA1_Channel7_IRQHandler                 0x0800011b   Thumb Code     0  startup_stm32f103xb.o(.text)
    EXTI0_IRQHandler                         0x0800011b   Thumb Code     0  startup_stm32f103xb.o(.text)
    EXTI15_10_IRQHandler                     0x0800011b   Thumb Code     0  startup_stm32f103xb.o(.text)
    EXTI1_IRQHandler                         0x0800011b   Thumb Code     0  startup_stm32f103xb.o(.text)
    EXTI2_IRQHandler                         0x0800011b   Thumb Code     0  startup_stm32f103xb.o(.text)
    EXTI3_IRQHandler                         0x0800011b   Thumb Code     0  startup_stm32f103xb.o(.text)
    EXTI4_IRQHandler                         0x0800011b   Thumb Code     0  startup_stm32f103xb.o(.text)
    EXTI9_5_IRQHandler                       0x0800011b   Thumb Code     0  startup_stm32f103xb.o(.text)
    FLASH_IRQHandler                         0x0800011b   Thumb Code     0  startup_stm32f103xb.o(.text)
    I2C1_ER_IRQHandler                       0x0800011b   Thumb Code     0  startup_stm32f103xb.o(.text)
    I2C1_EV_IRQHandler                       0x0800011b   Thumb Code     0  startup_stm32f103xb.o(.text)
    I2C2_ER_IRQHandler                       0x0800011b   Thumb Code     0  startup_stm32f103xb.o(.text)
    I2C2_EV_IRQHandler                       0x0800011b   Thumb Code     0  startup_stm32f103xb.o(.text)
    PVD_IRQHandler                           0x0800011b   Thumb Code     0  startup_stm32f103xb.o(.text)
    RCC_IRQHandler                           0x0800011b   Thumb Code     0  startup_stm32f103xb.o(.text)
    RTC_Alarm_IRQHandler                     0x0800011b   Thumb Code     0  startup_stm32f103xb.o(.text)
    RTC_IRQHandler                           0x0800011b   Thumb Code     0  startup_stm32f103xb.o(.text)
    SPI1_IRQHandler                          0x0800011b   Thumb Code     0  startup_stm32f103xb.o(.text)
    SPI2_IRQHandler                          0x0800011b   Thumb Code     0  startup_stm32f103xb.o(.text)
    TAMPER_IRQHandler                        0x0800011b   Thumb Code     0  startup_stm32f103xb.o(.text)
    TIM1_BRK_IRQHandler                      0x0800011b   Thumb Code     0  startup_stm32f103xb.o(.text)
    TIM1_CC_IRQHandler                       0x0800011b   Thumb Code     0  startup_stm32f103xb.o(.text)
    TIM1_TRG_COM_IRQHandler                  0x0800011b   Thumb Code     0  startup_stm32f103xb.o(.text)
    TIM1_UP_IRQHandler                       0x0800011b   Thumb Code     0  startup_stm32f103xb.o(.text)
    TIM3_IRQHandler                          0x0800011b   Thumb Code     0  startup_stm32f103xb.o(.text)
    TIM4_IRQHandler                          0x0800011b   Thumb Code     0  startup_stm32f103xb.o(.text)
    USART2_IRQHandler                        0x0800011b   Thumb Code     0  startup_stm32f103xb.o(.text)
    USBWakeUp_IRQHandler                     0x0800011b   Thumb Code     0  startup_stm32f103xb.o(.text)
    USB_HP_CAN1_TX_IRQHandler                0x0800011b   Thumb Code     0  startup_stm32f103xb.o(.text)
    USB_LP_CAN1_RX0_IRQHandler               0x0800011b   Thumb Code     0  startup_stm32f103xb.o(.text)
    WWDG_IRQHandler                          0x0800011b   Thumb Code     0  startup_stm32f103xb.o(.text)
    __aeabi_memset                           0x08000125   Thumb Code    14  memseta.o(.text)
    __aeabi_memset4                          0x08000125   Thumb Code     0  memseta.o(.text)
    __aeabi_memset8                          0x08000125   Thumb Code     0  memseta.o(.text)
    __aeabi_memclr                           0x08000133   Thumb Code     4  memseta.o(.text)
    __aeabi_memclr4                          0x08000133   Thumb Code     0  memseta.o(.text)
    __aeabi_memclr8                          0x08000133   Thumb Code     0  memseta.o(.text)
    _memset$wrapper                          0x08000137   Thumb Code    18  memseta.o(.text)
    strcmp                                   0x08000149   Thumb Code    28  strcmp.o(.text)
    __aeabi_fadd                             0x08000165   Thumb Code   164  fadd.o(.text)
    __aeabi_fsub                             0x08000209   Thumb Code     6  fadd.o(.text)
    __aeabi_frsub                            0x0800020f   Thumb Code     6  fadd.o(.text)
    __aeabi_fmul                             0x08000215   Thumb Code   100  fmul.o(.text)
    __aeabi_dadd                             0x08000279   Thumb Code   322  dadd.o(.text)
    __aeabi_dsub                             0x080003bb   Thumb Code     6  dadd.o(.text)
    __aeabi_drsub                            0x080003c1   Thumb Code     6  dadd.o(.text)
    __aeabi_dmul                             0x080003c7   Thumb Code   228  dmul.o(.text)
    __aeabi_ddiv                             0x080004ab   Thumb Code   222  ddiv.o(.text)
    __aeabi_fcmple                           0x08000589   Thumb Code    28  fcmple.o(.text)
    __aeabi_fcmpge                           0x080005a5   Thumb Code    28  fcmpge.o(.text)
    __aeabi_fcmpgt                           0x080005c1   Thumb Code    28  fcmpgt.o(.text)
    __aeabi_i2d                              0x080005dd   Thumb Code    34  dflti.o(.text)
    __aeabi_f2iz                             0x080005ff   Thumb Code    50  ffixi.o(.text)
    __aeabi_f2d                              0x08000631   Thumb Code    38  f2d.o(.text)
    __aeabi_d2f                              0x08000657   Thumb Code    56  d2f.o(.text)
    __aeabi_uidiv                            0x0800068f   Thumb Code     0  uidiv.o(.text)
    __aeabi_uidivmod                         0x0800068f   Thumb Code    44  uidiv.o(.text)
    __aeabi_uldivmod                         0x080006bb   Thumb Code    98  uldiv.o(.text)
    __aeabi_llsl                             0x0800071d   Thumb Code    30  llshl.o(.text)
    _ll_shift_l                              0x0800071d   Thumb Code     0  llshl.o(.text)
    __aeabi_llsr                             0x0800073b   Thumb Code    32  llushr.o(.text)
    _ll_ushift_r                             0x0800073b   Thumb Code     0  llushr.o(.text)
    __aeabi_lasr                             0x0800075b   Thumb Code    36  llsshr.o(.text)
    _ll_sshift_r                             0x0800075b   Thumb Code     0  llsshr.o(.text)
    __I$use$fp                               0x0800077f   Thumb Code     0  iusefp.o(.text)
    _float_round                             0x0800077f   Thumb Code    18  fepilogue.o(.text)
    _float_epilogue                          0x08000791   Thumb Code    92  fepilogue.o(.text)
    _double_round                            0x080007ed   Thumb Code    30  depilogue.o(.text)
    _double_epilogue                         0x0800080b   Thumb Code   156  depilogue.o(.text)
    __aeabi_d2ulz                            0x080008a7   Thumb Code    48  dfixul.o(.text)
    __aeabi_cdrcmple                         0x080008d9   Thumb Code    48  cdrcmple.o(.text)
    __scatterload                            0x08000909   Thumb Code    38  init.o(.text)
    __scatterload_rt2                        0x08000909   Thumb Code     0  init.o(.text)
    All_Work                                 0x08000939   Thumb Code   100  work.o(.text.All_Work)
    Arithmetic_Data                          0x0800099d   Thumb Code   510  work.o(.text.Arithmetic_Data)
    BusFault_Handler                         0x08000b9d   Thumb Code     2  stm32f1xx_it.o(.text.BusFault_Handler)
    DebugMon_Handler                         0x08000ba1   Thumb Code     2  stm32f1xx_it.o(.text.DebugMon_Handler)
    Error_Handler                            0x08000ba5   Thumb Code    10  main.o(.text.Error_Handler)
    FSUS_QueryServoAngle                     0x08000bb1   Thumb Code   160  fashion_star_uart_servo.o(.text.FSUS_QueryServoAngle)
    FSUS_RecvPackage                         0x08000c51   Thumb Code   390  fashion_star_uart_servo.o(.text.FSUS_RecvPackage)
    FSUS_SetServoAngle                       0x08000dd9   Thumb Code   320  fashion_star_uart_servo.o(.text.FSUS_SetServoAngle)
    Get_KeyData                              0x08000f19   Thumb Code   250  work.o(.text.Get_KeyData)
    HAL_DMA_Abort                            0x08001015   Thumb Code    70  stm32f1xx_hal_dma.o(.text.HAL_DMA_Abort)
    HAL_DMA_Abort_IT                         0x0800105d   Thumb Code   182  stm32f1xx_hal_dma.o(.text.HAL_DMA_Abort_IT)
    HAL_Delay                                0x08001115   Thumb Code    40  stm32f1xx_hal.o(.text.HAL_Delay)
    HAL_GPIO_Init                            0x0800113d   Thumb Code   526  stm32f1xx_hal_gpio.o(.text.HAL_GPIO_Init)
    HAL_GPIO_ReadPin                         0x0800134d   Thumb Code    10  stm32f1xx_hal_gpio.o(.text.HAL_GPIO_ReadPin)
    HAL_GPIO_WritePin                        0x08001359   Thumb Code    10  stm32f1xx_hal_gpio.o(.text.HAL_GPIO_WritePin)
    HAL_GetTick                              0x08001365   Thumb Code    12  stm32f1xx_hal.o(.text.HAL_GetTick)
    HAL_IncTick                              0x08001371   Thumb Code    26  stm32f1xx_hal.o(.text.HAL_IncTick)
    HAL_Init                                 0x0800138d   Thumb Code    38  stm32f1xx_hal.o(.text.HAL_Init)
    HAL_InitTick                             0x080013b5   Thumb Code    72  stm32f1xx_hal.o(.text.HAL_InitTick)
    HAL_MspInit                              0x080013fd   Thumb Code    66  stm32f1xx_hal_msp.o(.text.HAL_MspInit)
    HAL_NVIC_EnableIRQ                       0x08001441   Thumb Code    34  stm32f1xx_hal_cortex.o(.text.HAL_NVIC_EnableIRQ)
    HAL_NVIC_SetPriority                     0x08001465   Thumb Code    86  stm32f1xx_hal_cortex.o(.text.HAL_NVIC_SetPriority)
    HAL_NVIC_SetPriorityGrouping             0x080014bd   Thumb Code    32  stm32f1xx_hal_cortex.o(.text.HAL_NVIC_SetPriorityGrouping)
    HAL_RCC_ClockConfig                      0x080014dd   Thumb Code   442  stm32f1xx_hal_rcc.o(.text.HAL_RCC_ClockConfig)
    HAL_RCC_GetPCLK1Freq                     0x08001699   Thumb Code    38  stm32f1xx_hal_rcc.o(.text.HAL_RCC_GetPCLK1Freq)
    HAL_RCC_GetPCLK2Freq                     0x080016c1   Thumb Code    38  stm32f1xx_hal_rcc.o(.text.HAL_RCC_GetPCLK2Freq)
    HAL_RCC_OscConfig                        0x080016e9   Thumb Code  1024  stm32f1xx_hal_rcc.o(.text.HAL_RCC_OscConfig)
    HAL_SYSTICK_Config                       0x08001ae9   Thumb Code    44  stm32f1xx_hal_cortex.o(.text.HAL_SYSTICK_Config)
    HAL_TIMEx_BreakCallback                  0x08001b15   Thumb Code     2  stm32f1xx_hal_tim_ex.o(.text.HAL_TIMEx_BreakCallback)
    HAL_TIMEx_CommutCallback                 0x08001b19   Thumb Code     2  stm32f1xx_hal_tim_ex.o(.text.HAL_TIMEx_CommutCallback)
    HAL_TIMEx_MasterConfigSynchronization    0x08001b1d   Thumb Code   126  stm32f1xx_hal_tim_ex.o(.text.HAL_TIMEx_MasterConfigSynchronization)
    HAL_TIM_Base_Init                        0x08001b9d   Thumb Code   250  stm32f1xx_hal_tim.o(.text.HAL_TIM_Base_Init)
    HAL_TIM_Base_MspInit                     0x08001c99   Thumb Code    62  tim.o(.text.HAL_TIM_Base_MspInit)
    HAL_TIM_Base_Start_IT                    0x08001cd9   Thumb Code   110  stm32f1xx_hal_tim.o(.text.HAL_TIM_Base_Start_IT)
    HAL_TIM_Base_Stop_IT                     0x08001d49   Thumb Code    60  stm32f1xx_hal_tim.o(.text.HAL_TIM_Base_Stop_IT)
    HAL_TIM_ConfigClockSource                0x08001d85   Thumb Code   416  stm32f1xx_hal_tim.o(.text.HAL_TIM_ConfigClockSource)
    HAL_TIM_IC_CaptureCallback               0x08001f25   Thumb Code     2  stm32f1xx_hal_tim.o(.text.HAL_TIM_IC_CaptureCallback)
    HAL_TIM_IRQHandler                       0x08001f29   Thumb Code   334  stm32f1xx_hal_tim.o(.text.HAL_TIM_IRQHandler)
    HAL_TIM_OC_DelayElapsedCallback          0x08002079   Thumb Code     2  stm32f1xx_hal_tim.o(.text.HAL_TIM_OC_DelayElapsedCallback)
    HAL_TIM_PWM_PulseFinishedCallback        0x0800207d   Thumb Code     2  stm32f1xx_hal_tim.o(.text.HAL_TIM_PWM_PulseFinishedCallback)
    HAL_TIM_PeriodElapsedCallback            0x08002081   Thumb Code    34  main.o(.text.HAL_TIM_PeriodElapsedCallback)
    HAL_TIM_TriggerCallback                  0x080020a5   Thumb Code     2  stm32f1xx_hal_tim.o(.text.HAL_TIM_TriggerCallback)
    HAL_UARTEx_RxEventCallback               0x080020a9   Thumb Code     2  stm32f1xx_hal_uart.o(.text.HAL_UARTEx_RxEventCallback)
    HAL_UART_ErrorCallback                   0x080020ad   Thumb Code     2  stm32f1xx_hal_uart.o(.text.HAL_UART_ErrorCallback)
    HAL_UART_IRQHandler                      0x080020b1   Thumb Code  1392  stm32f1xx_hal_uart.o(.text.HAL_UART_IRQHandler)
    HAL_UART_Init                            0x08002621   Thumb Code   226  stm32f1xx_hal_uart.o(.text.HAL_UART_Init)
    HAL_UART_MspInit                         0x08002705   Thumb Code   340  usart.o(.text.HAL_UART_MspInit)
    HAL_UART_Receive_IT                      0x08002859   Thumb Code    84  stm32f1xx_hal_uart.o(.text.HAL_UART_Receive_IT)
    HAL_UART_RxCpltCallback                  0x080028ad   Thumb Code   228  main.o(.text.HAL_UART_RxCpltCallback)
    HAL_UART_Transmit                        0x08002991   Thumb Code   402  stm32f1xx_hal_uart.o(.text.HAL_UART_Transmit)
    HAL_UART_TxCpltCallback                  0x08002b25   Thumb Code     2  stm32f1xx_hal_uart.o(.text.HAL_UART_TxCpltCallback)
    HardFault_Handler                        0x08002b29   Thumb Code     2  stm32f1xx_it.o(.text.HardFault_Handler)
    MX_GPIO_Init                             0x08002b2d   Thumb Code   164  gpio.o(.text.MX_GPIO_Init)
    MX_TIM2_Init                             0x08002bd1   Thumb Code   112  tim.o(.text.MX_TIM2_Init)
    MX_USART1_UART_Init                      0x08002c41   Thumb Code    60  usart.o(.text.MX_USART1_UART_Init)
    MX_USART3_UART_Init                      0x08002c7d   Thumb Code    62  usart.o(.text.MX_USART3_UART_Init)
    MemManage_Handler                        0x08002cbd   Thumb Code     2  stm32f1xx_it.o(.text.MemManage_Handler)
    Mode_1_Work                              0x08002cc1   Thumb Code   478  work.o(.text.Mode_1_Work)
    Mode_3_Work                              0x08002ea1   Thumb Code   188  work.o(.text.Mode_3_Work)
    Mode_Change_Work                         0x08002f69   Thumb Code   118  work.o(.text.Mode_Change_Work)
    NMI_Handler                              0x08002fe1   Thumb Code     2  stm32f1xx_it.o(.text.NMI_Handler)
    OLED_Clear                               0x08002fe5   Thumb Code    20  oled.o(.text.OLED_Clear)
    OLED_I2C_SendByte                        0x08002ff9   Thumb Code   290  oled.o(.text.OLED_I2C_SendByte)
    OLED_Init                                0x0800311d   Thumb Code   192  oled.o(.text.OLED_Init)
    OLED_Printf                              0x080031dd   Thumb Code    40  oled.o(.text.OLED_Printf)
    OLED_ShowImage                           0x08003205   Thumb Code  1508  oled.o(.text.OLED_ShowImage)
    OLED_ShowString                          0x080037e9   Thumb Code   478  oled.o(.text.OLED_ShowString)
    OLED_Update                              0x080039c9   Thumb Code   236  oled.o(.text.OLED_Update)
    OLED_Work                                0x08003ab5   Thumb Code   700  work.o(.text.OLED_Work)
    OLED_WriteCommand                        0x08003d79   Thumb Code   104  oled.o(.text.OLED_WriteCommand)
    OLED_WriteData                           0x08003de1   Thumb Code   118  oled.o(.text.OLED_WriteData)
    PendSV_Handler                           0x08003e59   Thumb Code     2  stm32f1xx_it.o(.text.PendSV_Handler)
    RingBuffer_GetByteUsed                   0x08003e5d   Thumb Code    20  ring_buffer.o(.text.RingBuffer_GetByteUsed)
    RingBuffer_GetChecksum                   0x08003e71   Thumb Code   692  ring_buffer.o(.text.RingBuffer_GetChecksum)
    RingBuffer_GetValueByIndex               0x08004125   Thumb Code    52  ring_buffer.o(.text.RingBuffer_GetValueByIndex)
    RingBuffer_Init                          0x08004159   Thumb Code    90  ring_buffer.o(.text.RingBuffer_Init)
    RingBuffer_Pop                           0x080041b5   Thumb Code    52  ring_buffer.o(.text.RingBuffer_Pop)
    RingBuffer_Push                          0x080041e9   Thumb Code    90  ring_buffer.o(.text.RingBuffer_Push)
    RingBuffer_ReadByte                      0x08004245   Thumb Code    52  ring_buffer.o(.text.RingBuffer_ReadByte)
    RingBuffer_WriteByte                     0x08004279   Thumb Code    90  ring_buffer.o(.text.RingBuffer_WriteByte)
    RingBuffer_WriteByteArray                0x080042d5   Thumb Code   616  ring_buffer.o(.text.RingBuffer_WriteByteArray)
    RingBuffer_WriteShort                    0x0800453d   Thumb Code   170  ring_buffer.o(.text.RingBuffer_WriteShort)
    RingBuffer_WriteUShort                   0x080045e9   Thumb Code   170  ring_buffer.o(.text.RingBuffer_WriteUShort)
    SVC_Handler                              0x08004695   Thumb Code     2  stm32f1xx_it.o(.text.SVC_Handler)
    SysTick_Handler                          0x08004699   Thumb Code     4  stm32f1xx_it.o(.text.SysTick_Handler)
    SystemInit                               0x0800469d   Thumb Code     2  system_stm32f1xx.o(.text.SystemInit)
    TIM2_IRQHandler                          0x080046a1   Thumb Code    12  stm32f1xx_it.o(.text.TIM2_IRQHandler)
    Tick_CountdownBegin                      0x080046ad   Thumb Code    30  tick.o(.text.Tick_CountdownBegin)
    Tick_CountdownCancel                     0x080046cd   Thumb Code    24  tick.o(.text.Tick_CountdownCancel)
    Tick_CountdownIsTimeout                  0x080046e5   Thumb Code    18  tick.o(.text.Tick_CountdownIsTimeout)
    Tick_DelayMs                             0x080046f9   Thumb Code    68  tick.o(.text.Tick_DelayMs)
    USART1_IRQHandler                        0x08004849   Thumb Code    12  stm32f1xx_it.o(.text.USART1_IRQHandler)
    USART3_IRQHandler                        0x08004855   Thumb Code    12  stm32f1xx_it.o(.text.USART3_IRQHandler)
    UsageFault_Handler                       0x08004861   Thumb Code     2  stm32f1xx_it.o(.text.UsageFault_Handler)
    Usart_SendAll                            0x08004865   Thumb Code    60  usart.o(.text.Usart_SendAll)
    main                                     0x080048a1   Thumb Code   182  main.o(.text.main)
    __0vsprintf                              0x08004959   Thumb Code    30  printfa.o(i.__0vsprintf)
    __1vsprintf                              0x08004959   Thumb Code     0  printfa.o(i.__0vsprintf)
    __2vsprintf                              0x08004959   Thumb Code     0  printfa.o(i.__0vsprintf)
    __c89vsprintf                            0x08004959   Thumb Code     0  printfa.o(i.__0vsprintf)
    vsprintf                                 0x08004959   Thumb Code     0  printfa.o(i.__0vsprintf)
    __scatterload_copy                       0x0800497d   Thumb Code    14  handlers.o(i.__scatterload_copy)
    __scatterload_null                       0x0800498b   Thumb Code     2  handlers.o(i.__scatterload_null)
    __scatterload_zeroinit                   0x0800498d   Thumb Code    14  handlers.o(i.__scatterload_zeroinit)
    AHBPrescTable                            0x08005258   Data          16  system_stm32f1xx.o(.rodata.AHBPrescTable)
    APBPrescTable                            0x08005268   Data           8  system_stm32f1xx.o(.rodata.APBPrescTable)
    OLED_CF16x16                             0x08005272   Data         259  oled_data.o(.rodata.OLED_CF16x16)
    OLED_F6x8                                0x08005375   Data         570  oled_data.o(.rodata.OLED_F6x8)
    OLED_F8x16                               0x080055af   Data        1520  oled_data.o(.rodata.OLED_F8x16)
    Region$$Table$$Base                      0x08005bbc   Number         0  anon$$obj.o(Region$$Table)
    Region$$Table$$Limit                     0x08005bdc   Number         0  anon$$obj.o(Region$$Table)
    uwTickFreq                               0x20000000   Data           1  stm32f1xx_hal.o(.data..L_MergedGlobals)
    uwTickPrio                               0x20000004   Data           4  stm32f1xx_hal.o(.data..L_MergedGlobals)
    Mode                                     0x20000008   Data           1  work.o(.data.Mode)
    Packet_type                              0x20000009   Data           1  main.o(.data.Packet_type)
    SystemCoreClock                          0x2000000c   Data           4  system_stm32f1xx.o(.data.SystemCoreClock)
    servoUsart                               0x20000010   Data           4  usart.o(.data.servoUsart)
    ucTemp2                                  0x20000018   Data           1  main.o(.bss..L_MergedGlobals)
    Rx_1_Data                                0x20000019   Data           1  main.o(.bss..L_MergedGlobals)
    Rx_Pointer                               0x2000001a   Data           1  main.o(.bss..L_MergedGlobals)
    Mode_1_Package                           0x2000001b   Data           4  main.o(.bss..L_MergedGlobals)
    Mode_3_2_Package                         0x2000001f   Data           4  main.o(.bss..L_MergedGlobals)
    Mode_3_1_Package                         0x20000023   Data          10  main.o(.bss..L_MergedGlobals)
    usart1                                   0x20000030   Data          12  usart.o(.bss..L_MergedGlobals)
    usart1SendRingBuf                        0x2000003c   Data          12  usart.o(.bss..L_MergedGlobals)
    usart1RecvRingBuf                        0x20000048   Data          12  usart.o(.bss..L_MergedGlobals)
    huart3                                   0x20000054   Data          72  usart.o(.bss..L_MergedGlobals)
    Star_XorY                                0x2000009c   Data           1  work.o(.bss..L_MergedGlobals)
    read_flag                                0x2000009d   Data           1  work.o(.bss..L_MergedGlobals)
    Add_X_coordinate                         0x200000a0   Data           4  work.o(.bss..L_MergedGlobals)
    Add_Y_coordinate                         0x200000a4   Data           4  work.o(.bss..L_MergedGlobals)
    curAngle_x                               0x200000a8   Data           4  work.o(.bss..L_MergedGlobals)
    curAngle_y                               0x200000ac   Data           4  work.o(.bss..L_MergedGlobals)
    Back_central_x                           0x200000b0   Data           4  work.o(.bss..L_MergedGlobals)
    Back_central_y                           0x200000b4   Data           4  work.o(.bss..L_MergedGlobals)
    Save_Star_Data_X                         0x200000b8   Data          16  work.o(.bss..L_MergedGlobals)
    Save_Star_Data_Y                         0x200000c8   Data          16  work.o(.bss..L_MergedGlobals)
    Mode3_Save_Data_flag                     0x200000d8   Data           1  work.o(.bss.Mode3_Save_Data_flag)
    OLED_DisplayBuf                          0x200000dc   Data        1024  oled.o(.bss.OLED_DisplayBuf)
    TickCnt                                  0x200004dc   Data           4  tick.o(.bss.TickCnt)
    htim2                                    0x200004e0   Data          72  tim.o(.bss.htim2)
    huart1                                   0x20000528   Data          72  usart.o(.bss.huart1)
    usart1RecvBuf                            0x20000570   Data         501  usart.o(.bss.usart1RecvBuf)
    usart1SendBuf                            0x20000765   Data         501  usart.o(.bss.usart1SendBuf)
    uwTick                                   0x2000095c   Data           4  stm32f1xx_hal.o(.bss.uwTick)
    __initial_sp                             0x20000d60   Data           0  startup_stm32f103xb.o(STACK)



==============================================================================

Memory Map of the image

  Image Entry point : 0x080000ed

  Load Region LR_IROM1 (Base: 0x08000000, Size: 0x00005bf8, Max: 0x00010000, ABSOLUTE)

    Execution Region ER_IROM1 (Exec base: 0x08000000, Load base: 0x08000000, Size: 0x00005bdc, Max: 0x00010000, ABSOLUTE)

    Exec Addr    Load Addr    Size         Type   Attr      Idx    E Section Name        Object

    0x08000000   0x08000000   0x000000ec   Data   RO            3    RESET               startup_stm32f103xb.o
    0x080000ec   0x080000ec   0x00000000   Code   RO         1188  * .ARM.Collect$$$$00000000  mc_w.l(entry.o)
    0x080000ec   0x080000ec   0x00000004   Code   RO         1315    .ARM.Collect$$$$00000001  mc_w.l(entry2.o)
    0x080000f0   0x080000f0   0x00000004   Code   RO         1318    .ARM.Collect$$$$00000004  mc_w.l(entry5.o)
    0x080000f4   0x080000f4   0x00000000   Code   RO         1320    .ARM.Collect$$$$00000008  mc_w.l(entry7b.o)
    0x080000f4   0x080000f4   0x00000000   Code   RO         1322    .ARM.Collect$$$$0000000A  mc_w.l(entry8b.o)
    0x080000f4   0x080000f4   0x00000008   Code   RO         1323    .ARM.Collect$$$$0000000B  mc_w.l(entry9a.o)
    0x080000fc   0x080000fc   0x00000000   Code   RO         1325    .ARM.Collect$$$$0000000D  mc_w.l(entry10a.o)
    0x080000fc   0x080000fc   0x00000000   Code   RO         1327    .ARM.Collect$$$$0000000F  mc_w.l(entry11a.o)
    0x080000fc   0x080000fc   0x00000004   Code   RO         1316    .ARM.Collect$$$$00002712  mc_w.l(entry2.o)
    0x08000100   0x08000100   0x00000024   Code   RO            4    .text               startup_stm32f103xb.o
    0x08000124   0x08000124   0x00000024   Code   RO         1193    .text               mc_w.l(memseta.o)
    0x08000148   0x08000148   0x0000001c   Code   RO         1195    .text               mc_w.l(strcmp.o)
    0x08000164   0x08000164   0x000000b0   Code   RO         1255    .text               mf_w.l(fadd.o)
    0x08000214   0x08000214   0x00000064   Code   RO         1257    .text               mf_w.l(fmul.o)
    0x08000278   0x08000278   0x0000014e   Code   RO         1259    .text               mf_w.l(dadd.o)
    0x080003c6   0x080003c6   0x000000e4   Code   RO         1261    .text               mf_w.l(dmul.o)
    0x080004aa   0x080004aa   0x000000de   Code   RO         1263    .text               mf_w.l(ddiv.o)
    0x08000588   0x08000588   0x0000001c   Code   RO         1265    .text               mf_w.l(fcmple.o)
    0x080005a4   0x080005a4   0x0000001c   Code   RO         1269    .text               mf_w.l(fcmpge.o)
    0x080005c0   0x080005c0   0x0000001c   Code   RO         1271    .text               mf_w.l(fcmpgt.o)
    0x080005dc   0x080005dc   0x00000022   Code   RO         1281    .text               mf_w.l(dflti.o)
    0x080005fe   0x080005fe   0x00000032   Code   RO         1285    .text               mf_w.l(ffixi.o)
    0x08000630   0x08000630   0x00000026   Code   RO         1291    .text               mf_w.l(f2d.o)
    0x08000656   0x08000656   0x00000038   Code   RO         1293    .text               mf_w.l(d2f.o)
    0x0800068e   0x0800068e   0x0000002c   Code   RO         1339    .text               mc_w.l(uidiv.o)
    0x080006ba   0x080006ba   0x00000062   Code   RO         1341    .text               mc_w.l(uldiv.o)
    0x0800071c   0x0800071c   0x0000001e   Code   RO         1343    .text               mc_w.l(llshl.o)
    0x0800073a   0x0800073a   0x00000020   Code   RO         1345    .text               mc_w.l(llushr.o)
    0x0800075a   0x0800075a   0x00000024   Code   RO         1347    .text               mc_w.l(llsshr.o)
    0x0800077e   0x0800077e   0x00000000   Code   RO         1358    .text               mc_w.l(iusefp.o)
    0x0800077e   0x0800077e   0x0000006e   Code   RO         1359    .text               mf_w.l(fepilogue.o)
    0x080007ec   0x080007ec   0x000000ba   Code   RO         1361    .text               mf_w.l(depilogue.o)
    0x080008a6   0x080008a6   0x00000030   Code   RO         1365    .text               mf_w.l(dfixul.o)
    0x080008d6   0x080008d6   0x00000002   PAD
    0x080008d8   0x080008d8   0x00000030   Code   RO         1369    .text               mf_w.l(cdrcmple.o)
    0x08000908   0x08000908   0x00000030   Code   RO         1375    .text               mc_w.l(init.o)
    0x08000938   0x08000938   0x00000064   Code   RO         1079    .text.All_Work      work.o
    0x0800099c   0x0800099c   0x000001fe   Code   RO         1073    .text.Arithmetic_Data  work.o
    0x08000b9a   0x08000b9a   0x00000002   PAD
    0x08000b9c   0x08000b9c   0x00000002   Code   RO           88    .text.BusFault_Handler  stm32f1xx_it.o
    0x08000b9e   0x08000b9e   0x00000002   PAD
    0x08000ba0   0x08000ba0   0x00000002   Code   RO           94    .text.DebugMon_Handler  stm32f1xx_it.o
    0x08000ba2   0x08000ba2   0x00000002   PAD
    0x08000ba4   0x08000ba4   0x0000000a   Code   RO           17    .text.Error_Handler  main.o
    0x08000bae   0x08000bae   0x00000002   PAD
    0x08000bb0   0x08000bb0   0x000000a0   Code   RO          961    .text.FSUS_QueryServoAngle  fashion_star_uart_servo.o
    0x08000c50   0x08000c50   0x00000186   Code   RO          933    .text.FSUS_RecvPackage  fashion_star_uart_servo.o
    0x08000dd6   0x08000dd6   0x00000002   PAD
    0x08000dd8   0x08000dd8   0x00000140   Code   RO          953    .text.FSUS_SetServoAngle  fashion_star_uart_servo.o
    0x08000f18   0x08000f18   0x000000fa   Code   RO         1065    .text.Get_KeyData   work.o
    0x08001012   0x08001012   0x00000002   PAD
    0x08001014   0x08001014   0x00000046   Code   RO          599    .text.HAL_DMA_Abort  stm32f1xx_hal_dma.o
    0x0800105a   0x0800105a   0x00000002   PAD
    0x0800105c   0x0800105c   0x000000b6   Code   RO          601    .text.HAL_DMA_Abort_IT  stm32f1xx_hal_dma.o
    0x08001112   0x08001112   0x00000002   PAD
    0x08001114   0x08001114   0x00000028   Code   RO          475    .text.HAL_Delay     stm32f1xx_hal.o
    0x0800113c   0x0800113c   0x0000020e   Code   RO          567    .text.HAL_GPIO_Init  stm32f1xx_hal_gpio.o
    0x0800134a   0x0800134a   0x00000002   PAD
    0x0800134c   0x0800134c   0x0000000a   Code   RO          571    .text.HAL_GPIO_ReadPin  stm32f1xx_hal_gpio.o
    0x08001356   0x08001356   0x00000002   PAD
    0x08001358   0x08001358   0x0000000a   Code   RO          573    .text.HAL_GPIO_WritePin  stm32f1xx_hal_gpio.o
    0x08001362   0x08001362   0x00000002   PAD
    0x08001364   0x08001364   0x0000000c   Code   RO          467    .text.HAL_GetTick   stm32f1xx_hal.o
    0x08001370   0x08001370   0x0000001a   Code   RO          465    .text.HAL_IncTick   stm32f1xx_hal.o
    0x0800138a   0x0800138a   0x00000002   PAD
    0x0800138c   0x0800138c   0x00000026   Code   RO          455    .text.HAL_Init      stm32f1xx_hal.o
    0x080013b2   0x080013b2   0x00000002   PAD
    0x080013b4   0x080013b4   0x00000048   Code   RO          457    .text.HAL_InitTick  stm32f1xx_hal.o
    0x080013fc   0x080013fc   0x00000042   Code   RO          113    .text.HAL_MspInit   stm32f1xx_hal_msp.o
    0x0800143e   0x0800143e   0x00000002   PAD
    0x08001440   0x08001440   0x00000022   Code   RO          627    .text.HAL_NVIC_EnableIRQ  stm32f1xx_hal_cortex.o
    0x08001462   0x08001462   0x00000002   PAD
    0x08001464   0x08001464   0x00000056   Code   RO          625    .text.HAL_NVIC_SetPriority  stm32f1xx_hal_cortex.o
    0x080014ba   0x080014ba   0x00000002   PAD
    0x080014bc   0x080014bc   0x00000020   Code   RO          623    .text.HAL_NVIC_SetPriorityGrouping  stm32f1xx_hal_cortex.o
    0x080014dc   0x080014dc   0x000001ba   Code   RO          519    .text.HAL_RCC_ClockConfig  stm32f1xx_hal_rcc.o
    0x08001696   0x08001696   0x00000002   PAD
    0x08001698   0x08001698   0x00000026   Code   RO          531    .text.HAL_RCC_GetPCLK1Freq  stm32f1xx_hal_rcc.o
    0x080016be   0x080016be   0x00000002   PAD
    0x080016c0   0x080016c0   0x00000026   Code   RO          533    .text.HAL_RCC_GetPCLK2Freq  stm32f1xx_hal_rcc.o
    0x080016e6   0x080016e6   0x00000002   PAD
    0x080016e8   0x080016e8   0x00000400   Code   RO          517    .text.HAL_RCC_OscConfig  stm32f1xx_hal_rcc.o
    0x08001ae8   0x08001ae8   0x0000002c   Code   RO          635    .text.HAL_SYSTICK_Config  stm32f1xx_hal_cortex.o
    0x08001b14   0x08001b14   0x00000002   Code   RO          441    .text.HAL_TIMEx_BreakCallback  stm32f1xx_hal_tim_ex.o
    0x08001b16   0x08001b16   0x00000002   PAD
    0x08001b18   0x08001b18   0x00000002   Code   RO          437    .text.HAL_TIMEx_CommutCallback  stm32f1xx_hal_tim_ex.o
    0x08001b1a   0x08001b1a   0x00000002   PAD
    0x08001b1c   0x08001b1c   0x0000007e   Code   RO          431    .text.HAL_TIMEx_MasterConfigSynchronization  stm32f1xx_hal_tim_ex.o
    0x08001b9a   0x08001b9a   0x00000002   PAD
    0x08001b9c   0x08001b9c   0x000000fa   Code   RO          136    .text.HAL_TIM_Base_Init  stm32f1xx_hal_tim.o
    0x08001c96   0x08001c96   0x00000002   PAD
    0x08001c98   0x08001c98   0x0000003e   Code   RO           46    .text.HAL_TIM_Base_MspInit  tim.o
    0x08001cd6   0x08001cd6   0x00000002   PAD
    0x08001cd8   0x08001cd8   0x0000006e   Code   RO          150    .text.HAL_TIM_Base_Start_IT  stm32f1xx_hal_tim.o
    0x08001d46   0x08001d46   0x00000002   PAD
    0x08001d48   0x08001d48   0x0000003c   Code   RO          152    .text.HAL_TIM_Base_Stop_IT  stm32f1xx_hal_tim.o
    0x08001d84   0x08001d84   0x000001a0   Code   RO          316    .text.HAL_TIM_ConfigClockSource  stm32f1xx_hal_tim.o
    0x08001f24   0x08001f24   0x00000002   Code   RO          272    .text.HAL_TIM_IC_CaptureCallback  stm32f1xx_hal_tim.o
    0x08001f26   0x08001f26   0x00000002   PAD
    0x08001f28   0x08001f28   0x0000014e   Code   RO          270    .text.HAL_TIM_IRQHandler  stm32f1xx_hal_tim.o
    0x08002076   0x08002076   0x00000002   PAD
    0x08002078   0x08002078   0x00000002   Code   RO          274    .text.HAL_TIM_OC_DelayElapsedCallback  stm32f1xx_hal_tim.o
    0x0800207a   0x0800207a   0x00000002   PAD
    0x0800207c   0x0800207c   0x00000002   Code   RO          276    .text.HAL_TIM_PWM_PulseFinishedCallback  stm32f1xx_hal_tim.o
    0x0800207e   0x0800207e   0x00000002   PAD
    0x08002080   0x08002080   0x00000022   Code   RO           21    .text.HAL_TIM_PeriodElapsedCallback  main.o
    0x080020a2   0x080020a2   0x00000002   PAD
    0x080020a4   0x080020a4   0x00000002   Code   RO          280    .text.HAL_TIM_TriggerCallback  stm32f1xx_hal_tim.o
    0x080020a6   0x080020a6   0x00000002   PAD
    0x080020a8   0x080020a8   0x00000002   Code   RO          872    .text.HAL_UARTEx_RxEventCallback  stm32f1xx_hal_uart.o
    0x080020aa   0x080020aa   0x00000002   PAD
    0x080020ac   0x080020ac   0x00000002   Code   RO          870    .text.HAL_UART_ErrorCallback  stm32f1xx_hal_uart.o
    0x080020ae   0x080020ae   0x00000002   PAD
    0x080020b0   0x080020b0   0x00000570   Code   RO          864    .text.HAL_UART_IRQHandler  stm32f1xx_hal_uart.o
    0x08002620   0x08002620   0x000000e2   Code   RO          788    .text.HAL_UART_Init  stm32f1xx_hal_uart.o
    0x08002702   0x08002702   0x00000002   PAD
    0x08002704   0x08002704   0x00000154   Code   RO           63    .text.HAL_UART_MspInit  usart.o
    0x08002858   0x08002858   0x00000054   Code   RO          808    .text.HAL_UART_Receive_IT  stm32f1xx_hal_uart.o
    0x080028ac   0x080028ac   0x000000e4   Code   RO           19    .text.HAL_UART_RxCpltCallback  main.o
    0x08002990   0x08002990   0x00000192   Code   RO          802    .text.HAL_UART_Transmit  stm32f1xx_hal_uart.o
    0x08002b22   0x08002b22   0x00000002   PAD
    0x08002b24   0x08002b24   0x00000002   Code   RO          874    .text.HAL_UART_TxCpltCallback  stm32f1xx_hal_uart.o
    0x08002b26   0x08002b26   0x00000002   PAD
    0x08002b28   0x08002b28   0x00000002   Code   RO           84    .text.HardFault_Handler  stm32f1xx_it.o
    0x08002b2a   0x08002b2a   0x00000002   PAD
    0x08002b2c   0x08002b2c   0x000000a4   Code   RO           35    .text.MX_GPIO_Init  gpio.o
    0x08002bd0   0x08002bd0   0x00000070   Code   RO           44    .text.MX_TIM2_Init  tim.o
    0x08002c40   0x08002c40   0x0000003c   Code   RO           59    .text.MX_USART1_UART_Init  usart.o
    0x08002c7c   0x08002c7c   0x0000003e   Code   RO           61    .text.MX_USART3_UART_Init  usart.o
    0x08002cba   0x08002cba   0x00000002   PAD
    0x08002cbc   0x08002cbc   0x00000002   Code   RO           86    .text.MemManage_Handler  stm32f1xx_it.o
    0x08002cbe   0x08002cbe   0x00000002   PAD
    0x08002cc0   0x08002cc0   0x000001de   Code   RO         1071    .text.Mode_1_Work   work.o
    0x08002e9e   0x08002e9e   0x00000002   PAD
    0x08002ea0   0x08002ea0   0x000000c8   Code   RO         1077    .text.Mode_3_Work   work.o
    0x08002f68   0x08002f68   0x00000076   Code   RO         1069    .text.Mode_Change_Work  work.o
    0x08002fde   0x08002fde   0x00000002   PAD
    0x08002fe0   0x08002fe0   0x00000002   Code   RO           82    .text.NMI_Handler   stm32f1xx_it.o
    0x08002fe2   0x08002fe2   0x00000002   PAD
    0x08002fe4   0x08002fe4   0x00000014   Code   RO         1111    .text.OLED_Clear    oled.o
    0x08002ff8   0x08002ff8   0x00000122   Code   RO         1103    .text.OLED_I2C_SendByte  oled.o
    0x0800311a   0x0800311a   0x00000002   PAD
    0x0800311c   0x0800311c   0x000000c0   Code   RO         1109    .text.OLED_Init     oled.o
    0x080031dc   0x080031dc   0x00000028   Code   RO         1147    .text.OLED_Printf   oled.o
    0x08003204   0x08003204   0x000005e4   Code   RO         1133    .text.OLED_ShowImage  oled.o
    0x080037e8   0x080037e8   0x000001de   Code   RO         1135    .text.OLED_ShowString  oled.o
    0x080039c6   0x080039c6   0x00000002   PAD
    0x080039c8   0x080039c8   0x000000ec   Code   RO         1113    .text.OLED_Update   oled.o
    0x08003ab4   0x08003ab4   0x000002c4   Code   RO         1067    .text.OLED_Work     work.o
    0x08003d78   0x08003d78   0x00000068   Code   RO         1105    .text.OLED_WriteCommand  oled.o
    0x08003de0   0x08003de0   0x00000076   Code   RO         1107    .text.OLED_WriteData  oled.o
    0x08003e56   0x08003e56   0x00000002   PAD
    0x08003e58   0x08003e58   0x00000002   Code   RO           96    .text.PendSV_Handler  stm32f1xx_it.o
    0x08003e5a   0x08003e5a   0x00000002   PAD
    0x08003e5c   0x08003e5c   0x00000014   Code   RO          991    .text.RingBuffer_GetByteUsed  ring_buffer.o
    0x08003e70   0x08003e70   0x000002b4   Code   RO         1033    .text.RingBuffer_GetChecksum  ring_buffer.o
    0x08004124   0x08004124   0x00000034   Code   RO          999    .text.RingBuffer_GetValueByIndex  ring_buffer.o
    0x08004158   0x08004158   0x0000005a   Code   RO          987    .text.RingBuffer_Init  ring_buffer.o
    0x080041b2   0x080041b2   0x00000002   PAD
    0x080041b4   0x080041b4   0x00000034   Code   RO         1001    .text.RingBuffer_Pop  ring_buffer.o
    0x080041e8   0x080041e8   0x0000005a   Code   RO         1003    .text.RingBuffer_Push  ring_buffer.o
    0x08004242   0x08004242   0x00000002   PAD
    0x08004244   0x08004244   0x00000034   Code   RO         1005    .text.RingBuffer_ReadByte  ring_buffer.o
    0x08004278   0x08004278   0x0000005a   Code   RO         1019    .text.RingBuffer_WriteByte  ring_buffer.o
    0x080042d2   0x080042d2   0x00000002   PAD
    0x080042d4   0x080042d4   0x00000268   Code   RO         1021    .text.RingBuffer_WriteByteArray  ring_buffer.o
    0x0800453c   0x0800453c   0x000000aa   Code   RO         1023    .text.RingBuffer_WriteShort  ring_buffer.o
    0x080045e6   0x080045e6   0x00000002   PAD
    0x080045e8   0x080045e8   0x000000aa   Code   RO         1025    .text.RingBuffer_WriteUShort  ring_buffer.o
    0x08004692   0x08004692   0x00000002   PAD
    0x08004694   0x08004694   0x00000002   Code   RO           92    .text.SVC_Handler   stm32f1xx_it.o
    0x08004696   0x08004696   0x00000002   PAD
    0x08004698   0x08004698   0x00000004   Code   RO           98    .text.SysTick_Handler  stm32f1xx_it.o
    0x0800469c   0x0800469c   0x00000002   Code   RO          908    .text.SystemInit    system_stm32f1xx.o
    0x0800469e   0x0800469e   0x00000002   PAD
    0x080046a0   0x080046a0   0x0000000c   Code   RO          100    .text.TIM2_IRQHandler  stm32f1xx_it.o
    0x080046ac   0x080046ac   0x0000001e   Code   RO         1049    .text.Tick_CountdownBegin  tick.o
    0x080046ca   0x080046ca   0x00000002   PAD
    0x080046cc   0x080046cc   0x00000018   Code   RO         1051    .text.Tick_CountdownCancel  tick.o
    0x080046e4   0x080046e4   0x00000012   Code   RO         1053    .text.Tick_CountdownIsTimeout  tick.o
    0x080046f6   0x080046f6   0x00000002   PAD
    0x080046f8   0x080046f8   0x00000044   Code   RO         1047    .text.Tick_DelayMs  tick.o
    0x0800473c   0x0800473c   0x0000000c   Code   RO          868    .text.UART_DMAAbortOnError  stm32f1xx_hal_uart.o
    0x08004748   0x08004748   0x000000fe   Code   RO          866    .text.UART_Receive_IT  stm32f1xx_hal_uart.o
    0x08004846   0x08004846   0x00000002   PAD
    0x08004848   0x08004848   0x0000000c   Code   RO          102    .text.USART1_IRQHandler  stm32f1xx_it.o
    0x08004854   0x08004854   0x0000000c   Code   RO          104    .text.USART3_IRQHandler  stm32f1xx_it.o
    0x08004860   0x08004860   0x00000002   Code   RO           90    .text.UsageFault_Handler  stm32f1xx_it.o
    0x08004862   0x08004862   0x00000002   PAD
    0x08004864   0x08004864   0x0000003c   Code   RO           67    .text.Usart_SendAll  usart.o
    0x080048a0   0x080048a0   0x000000b6   Code   RO           13    .text.main          main.o
    0x08004956   0x08004956   0x00000002   PAD
    0x08004958   0x08004958   0x00000024   Code   RO         1206    i.__0vsprintf       mc_w.l(printfa.o)
    0x0800497c   0x0800497c   0x0000000e   Code   RO         1381    i.__scatterload_copy  mc_w.l(handlers.o)
    0x0800498a   0x0800498a   0x00000002   Code   RO         1382    i.__scatterload_null  mc_w.l(handlers.o)
    0x0800498c   0x0800498c   0x0000000e   Code   RO         1383    i.__scatterload_zeroinit  mc_w.l(handlers.o)
    0x0800499a   0x0800499a   0x00000002   PAD
    0x0800499c   0x0800499c   0x00000184   Code   RO         1207    i._fp_digits        mc_w.l(printfa.o)
    0x08004b20   0x08004b20   0x000006dc   Code   RO         1208    i._printf_core      mc_w.l(printfa.o)
    0x080051fc   0x080051fc   0x00000024   Code   RO         1209    i._printf_post_padding  mc_w.l(printfa.o)
    0x08005220   0x08005220   0x0000002e   Code   RO         1210    i._printf_pre_padding  mc_w.l(printfa.o)
    0x0800524e   0x0800524e   0x0000000a   Code   RO         1212    i._sputc            mc_w.l(printfa.o)
    0x08005258   0x08005258   0x00000010   Data   RO          913    .rodata.AHBPrescTable  system_stm32f1xx.o
    0x08005268   0x08005268   0x00000008   Data   RO          914    .rodata.APBPrescTable  system_stm32f1xx.o
    0x08005270   0x08005270   0x00000002   Data   RO          544    .rodata.HAL_RCC_GetSysClockFreq.aPredivFactorTable  stm32f1xx_hal_rcc.o
    0x08005272   0x08005272   0x00000103   Data   RO         1176    .rodata.OLED_CF16x16  oled_data.o
    0x08005375   0x08005375   0x0000023a   Data   RO         1175    .rodata.OLED_F6x8   oled_data.o
    0x080055af   0x080055af   0x000005f0   Data   RO         1174    .rodata.OLED_F8x16  oled_data.o
    0x08005b9f   0x08005b9f   0x00000010   Data   RO          543    .rodata.cst16       stm32f1xx_hal_rcc.o
    0x08005baf   0x08005baf   0x0000000b   Data   RO         1083    .rodata.str1.1      work.o
    0x08005bba   0x08005bba   0x00000002   PAD
    0x08005bbc   0x08005bbc   0x00000020   Data   RO         1380    Region$$Table       anon$$obj.o


    Execution Region RW_IRAM1 (Exec base: 0x20000000, Load base: 0x08005be0, Size: 0x00000d60, Max: 0x00005000, ABSOLUTE)

    Exec Addr    Load Addr    Size         Type   Attr      Idx    E Section Name        Object

    0x20000000   0x08005be0   0x00000008   Data   RW          506    .data..L_MergedGlobals  stm32f1xx_hal.o
    0x20000008   0x08005be8   0x00000001   Data   RW         1081    .data.Mode          work.o
    0x20000009   0x08005be9   0x00000001   Data   RW           24    .data.Packet_type   main.o
    0x2000000a   0x08005bea   0x00000002   PAD
    0x2000000c   0x08005bec   0x00000004   Data   RW          912    .data.SystemCoreClock  system_stm32f1xx.o
    0x20000010   0x08005bf0   0x00000004   Data   RW           69    .data.servoUsart    usart.o
    0x20000014   0x08005bf4   0x00000004   PAD
    0x20000018        -       0x00000015   Zero   RW           26    .bss..L_MergedGlobals  main.o
    0x2000002d   0x08005bf4   0x00000003   PAD
    0x20000030        -       0x0000006c   Zero   RW           73    .bss..L_MergedGlobals  usart.o
    0x2000009c        -       0x0000003c   Zero   RW         1084    .bss..L_MergedGlobals  work.o
    0x200000d8        -       0x00000001   Zero   RW         1082    .bss.Mode3_Save_Data_flag  work.o
    0x200000d9   0x08005bf4   0x00000003   PAD
    0x200000dc        -       0x00000400   Zero   RW         1165    .bss.OLED_DisplayBuf  oled.o
    0x200004dc        -       0x00000004   Zero   RW         1055    .bss.TickCnt        tick.o
    0x200004e0        -       0x00000048   Zero   RW           50    .bss.htim2          tim.o
    0x20000528        -       0x00000048   Zero   RW           70    .bss.huart1         usart.o
    0x20000570        -       0x000001f5   Zero   RW           72    .bss.usart1RecvBuf  usart.o
    0x20000765        -       0x000001f5   Zero   RW           71    .bss.usart1SendBuf  usart.o
    0x2000095a   0x08005bf4   0x00000002   PAD
    0x2000095c        -       0x00000004   Zero   RW          505    .bss.uwTick         stm32f1xx_hal.o
    0x20000960        -       0x00000400   Zero   RW            1    STACK               startup_stm32f103xb.o


==============================================================================

Image component sizes


      Code (inc. data)   RO Data    RW Data    ZI Data      Debug   Object Name

       870          0          0          0          0      23135   fashion_star_uart_servo.o
       164          0          0          0          0       1572   gpio.o
       454          0          0          1         21       8077   main.o
      2986          0          0          0       1024      51145   oled.o
         0          0       2349          0          0        772   oled_data.o
      2094          0          0          0          0      21716   ring_buffer.o
        36          8        236          0       1024        780   startup_stm32f103xb.o
       188          0          0          8          4       5750   stm32f1xx_hal.o
       196          0          0          0          0       8404   stm32f1xx_hal_cortex.o
       252          0          0          0          0       8271   stm32f1xx_hal_dma.o
       546         22          0          0          0       4678   stm32f1xx_hal_gpio.o
        66          0          0          0          0       1199   stm32f1xx_hal_msp.o
      1542          0         18          0          0       7938   stm32f1xx_hal_rcc.o
      1178          0          0          0          0      57657   stm32f1xx_hal_tim.o
       130          0          0          0          0      20899   stm32f1xx_hal_tim_ex.o
      2376          0          0          0          0      32610   stm32f1xx_hal_uart.o
        56          0          0          0          0       5643   stm32f1xx_it.o
         2          0         24          4          0       1588   system_stm32f1xx.o
       140          0          0          0          4       4549   tick.o
       174          0          0          0         72       5910   tim.o
       522          0          0          4       1182       6510   usart.o
      2364         20         11          1         61       6832   work.o

    ----------------------------------------------------------------------
     16452         50       2672         20       3404     285635   Object Totals
         0          0         32          0          0          0   (incl. Generated)
       116          0          2          2         12          0   (incl. Padding)

    ----------------------------------------------------------------------

      Code (inc. data)   RO Data    RW Data    ZI Data      Debug   Library Member Name

         0          0          0          0          0          0   entry.o
         0          0          0          0          0          0   entry10a.o
         0          0          0          0          0          0   entry11a.o
         8          4          0          0          0          0   entry2.o
         4          0          0          0          0          0   entry5.o
         0          0          0          0          0          0   entry7b.o
         0          0          0          0          0          0   entry8b.o
         8          4          0          0          0          0   entry9a.o
        30          0          0          0          0          0   handlers.o
        48         10          0          0          0         68   init.o
         0          0          0          0          0          0   iusefp.o
        30          0          0          0          0         68   llshl.o
        36          0          0          0          0         68   llsshr.o
        32          0          0          0          0         68   llushr.o
        36          0          0          0          0        108   memseta.o
      2272         86          0          0          0        516   printfa.o
        28          0          0          0          0         76   strcmp.o
        44          0          0          0          0         80   uidiv.o
        98          0          0          0          0         92   uldiv.o
        48          0          0          0          0         68   cdrcmple.o
        56          0          0          0          0         88   d2f.o
       334          0          0          0          0        148   dadd.o
       222          0          0          0          0        100   ddiv.o
       186          0          0          0          0        176   depilogue.o
        48          0          0          0          0         68   dfixul.o
        34          0          0          0          0         76   dflti.o
       228          0          0          0          0         96   dmul.o
        38          0          0          0          0         68   f2d.o
       176          0          0          0          0        140   fadd.o
        28          0          0          0          0         68   fcmpge.o
        28          0          0          0          0         68   fcmpgt.o
        28          0          0          0          0         68   fcmple.o
       110          0          0          0          0        168   fepilogue.o
        50          0          0          0          0         68   ffixi.o
       100          0          0          0          0         76   fmul.o

    ----------------------------------------------------------------------
      4392        104          0          0          0       2688   Library Totals
         4          0          0          0          0          0   (incl. Padding)

    ----------------------------------------------------------------------

      Code (inc. data)   RO Data    RW Data    ZI Data      Debug   Library Name

      2674        104          0          0          0       1144   mc_w.l
      1714          0          0          0          0       1544   mf_w.l

    ----------------------------------------------------------------------
      4392        104          0          0          0       2688   Library Totals

    ----------------------------------------------------------------------

==============================================================================


      Code (inc. data)   RO Data    RW Data    ZI Data      Debug   

     20844        154       2672         20       3404     286691   Grand Totals
     20844        154       2672         20       3404     286691   ELF Image Totals
     20844        154       2672         20          0          0   ROM Totals

==============================================================================

    Total RO  Size (Code + RO Data)                23516 (  22.96kB)
    Total RW  Size (RW Data + ZI Data)              3424 (   3.34kB)
    Total ROM Size (Code + RO Data + RW Data)      23536 (  22.98kB)

==============================================================================

